Archive member included to satisfy reference by file (symbol)

C:/Program Files/SEGGER/SEGGER Embedded Studio 8.22a/lib/libc_v7em_fpv4_sp_d16_hard_t_le_eabi_balanced.a(prinops.o)
                              Output/Debug/Obj/twi_scanner_pca10056/SEGGER_RTT_Syscalls_SES.o (vsnprintf)
C:/Program Files/SEGGER/SEGGER Embedded Studio 8.22a/lib/libc_v7em_fpv4_sp_d16_hard_t_le_eabi_balanced.a(__SEGGER_RTL_vfprintf_long.o)
                              (__SEGGER_RTL_vfprintf_long)
C:/Program Files/SEGGER/SEGGER Embedded Studio 8.22a/lib/libc_v7em_fpv4_sp_d16_hard_t_le_eabi_balanced.a(__SEGGER_RTL_vfscanf_long.o)
                              (__SEGGER_RTL_vfscanf_long)
C:/Program Files/SEGGER/SEGGER Embedded Studio 8.22a/lib/libc_v7em_fpv4_sp_d16_hard_t_le_eabi_balanced.a(fileops.o)
                              C:/Program Files/SEGGER/SEGGER Embedded Studio 8.22a/lib/libc_v7em_fpv4_sp_d16_hard_t_le_eabi_balanced.a(prinops.o) (fwrite)
C:/Program Files/SEGGER/SEGGER Embedded Studio 8.22a/lib/libc_v7em_fpv4_sp_d16_hard_t_le_eabi_balanced.a(utilops.o)
                              C:/Program Files/SEGGER/SEGGER Embedded Studio 8.22a/lib/libc_v7em_fpv4_sp_d16_hard_t_le_eabi_balanced.a(__SEGGER_RTL_vfscanf_long.o) (__SEGGER_RTL_digit)
C:/Program Files/SEGGER/SEGGER Embedded Studio 8.22a/lib/libc_v7em_fpv4_sp_d16_hard_t_le_eabi_balanced.a(floatasmops_arm.o)
                              C:/Program Files/SEGGER/SEGGER Embedded Studio 8.22a/lib/libc_v7em_fpv4_sp_d16_hard_t_le_eabi_balanced.a(utilops.o) (__aeabi_dmul)
C:/Program Files/SEGGER/SEGGER Embedded Studio 8.22a/lib/libc_v7em_fpv4_sp_d16_hard_t_le_eabi_balanced.a(intasmops_arm.o)
                              C:/Program Files/SEGGER/SEGGER Embedded Studio 8.22a/lib/libc_v7em_fpv4_sp_d16_hard_t_le_eabi_balanced.a(__SEGGER_RTL_vfprintf_long.o) (__aeabi_uldivmod)
C:/Program Files/SEGGER/SEGGER Embedded Studio 8.22a/lib/libc_v7em_fpv4_sp_d16_hard_t_le_eabi_balanced.a(errno.o)
                              C:/Program Files/SEGGER/SEGGER Embedded Studio 8.22a/lib/libc_v7em_fpv4_sp_d16_hard_t_le_eabi_balanced.a(fileops.o) (__aeabi_errno_addr)
C:/Program Files/SEGGER/SEGGER Embedded Studio 8.22a/lib/heapops_basic_v7em_fpv4_sp_d16_hard_t_le_eabi_balanced.a(heapops_basic.o)
                              Output/Debug/Obj/twi_scanner_pca10056/thumb_crt0.o (__SEGGER_RTL_init_heap)
C:/Program Files/SEGGER/SEGGER Embedded Studio 8.22a/lib/heapops_disable_interrupts_locking_v7em_fpv4_sp_d16_hard_t_le_eabi_balanced.a(heapops.o)
                              C:/Program Files/SEGGER/SEGGER Embedded Studio 8.22a/lib/libc_v7em_fpv4_sp_d16_hard_t_le_eabi_balanced.a(prinops.o) (free)
C:/Program Files/SEGGER/SEGGER Embedded Studio 8.22a/lib/strops_unaligned_v7em_fpv4_sp_d16_hard_t_le_eabi_balanced.a(strops.o)
                              Output/Debug/Obj/twi_scanner_pca10056/nrf_fprintf_format.o (strlen)
C:/Program Files/SEGGER/SEGGER Embedded Studio 8.22a/lib/strops_unaligned_v7em_fpv4_sp_d16_hard_t_le_eabi_balanced.a(strasmops_arm.o)
                              C:/Program Files/SEGGER/SEGGER Embedded Studio 8.22a/lib/strops_unaligned_v7em_fpv4_sp_d16_hard_t_le_eabi_balanced.a(strops.o) (strcmp)
C:/Program Files/SEGGER/SEGGER Embedded Studio 8.22a/lib/mbops_timeops_v7em_fpv4_sp_d16_hard_t_le_eabi_balanced.a(mbops.o)
                              C:/Program Files/SEGGER/SEGGER Embedded Studio 8.22a/lib/libc_v7em_fpv4_sp_d16_hard_t_le_eabi_balanced.a(prinops.o) (__SEGGER_RTL_current_locale)
C:/Program Files/SEGGER/SEGGER Embedded Studio 8.22a/lib/mbops_timeops_v7em_fpv4_sp_d16_hard_t_le_eabi_balanced.a(timeops.o)
                              C:/Program Files/SEGGER/SEGGER Embedded Studio 8.22a/lib/mbops_timeops_v7em_fpv4_sp_d16_hard_t_le_eabi_balanced.a(mbops.o) (__SEGGER_RTL_string_list_encode)
C:/Program Files/SEGGER/SEGGER Embedded Studio 8.22a/lib/libc_v7em_fpv4_sp_d16_hard_t_le_eabi_balanced.a(execops.o)
                              C:/Program Files/SEGGER/SEGGER Embedded Studio 8.22a/lib/strops_unaligned_v7em_fpv4_sp_d16_hard_t_le_eabi_balanced.a(strops.o) (__SEGGER_RTL_constraint_violation)
C:/Program Files/SEGGER/SEGGER Embedded Studio 8.22a/lib/libc_v7em_fpv4_sp_d16_hard_t_le_eabi_balanced.a(execops_arm.o)
                              C:/Program Files/SEGGER/SEGGER Embedded Studio 8.22a/lib/libc_v7em_fpv4_sp_d16_hard_t_le_eabi_balanced.a(execops.o) (__aeabi_SIGABRT)
C:/Program Files/SEGGER/SEGGER Embedded Studio 8.22a/lib/libc_v7em_fpv4_sp_d16_hard_t_le_eabi_balanced.a(intops.o)
                              C:/Program Files/SEGGER/SEGGER Embedded Studio 8.22a/lib/mbops_timeops_v7em_fpv4_sp_d16_hard_t_le_eabi_balanced.a(timeops.o) (div)
C:/Program Files/SEGGER/SEGGER Embedded Studio 8.22a/lib/libc_v7em_fpv4_sp_d16_hard_t_le_eabi_balanced.a(sortops.o)
                              C:/Program Files/SEGGER/SEGGER Embedded Studio 8.22a/lib/mbops_timeops_v7em_fpv4_sp_d16_hard_t_le_eabi_balanced.a(mbops.o) (bsearch)
[...]
Memory Configuration

Name             Origin             Length             Attributes
UNPLACED_SECTIONS 0x00000000         0x00000000         xw
RAM1             0x20000000         0x00040000         xw
FLASH1           0x00000000         0x00100000         xw
*default*        0x00000000         0xffffffff

Linker script and memory map

                0x20000000                        __RAM1_segment_start__ = 0x20000000
                0x20040000                        __RAM1_segment_end__ = 0x20040000
                0x00040000                        __RAM1_segment_size__ = 0x40000
                0x00000000                        __FLASH1_segment_start__ = 0x0
                0x00100000                        __FLASH1_segment_end__ = 0x100000
                0x00100000                        __FLASH1_segment_size__ = 0x100000
                0x00002000                        __HEAPSIZE__ = 0x2000
                0x00000000                        __SEGGER_RTL_vfprintf = __SEGGER_RTL_vfprintf_long
                0x00000000                        __SEGGER_RTL_vfscanf = __SEGGER_RTL_vfscanf_long
                0x00000000                        __STACKSIZE_PROCESS__ = 0x0
                0x00002000                        __STACKSIZE__ = 0x2000
                0x20000000                        __vectors_ram_load_start__ = 0x20000000

.vectors_ram    0x20000000        0x0
                0x20000000                        __vectors_ram_start__ = .
                0x20000000                        __app_ram_start__ = __vectors_ram_start__
 *(.vectors_ram .vectors_ram.*)
                0x20000000                        __vectors_ram_end__ = (__vectors_ram_start__ + SIZEOF (.vectors_ram))
                0x00000000                        __vectors_ram_size__ = SIZEOF (.vectors_ram)
                0x20000000                        __vectors_ram_load_end__ = __vectors_ram_end__
                0x20000000                        __nrf_sections_run_load_start__ = ALIGN (__vectors_ram_end__, 0x4)

.nrf_sections_run
                0x20000000        0x0
                0x20000000                        __nrf_sections_run_start__ = .
                0x20000000                        __start_nrf_sections_run = __nrf_sections_run_start__
 *(.nrf_sections_run .nrf_sections_run.*)
                0x20000000                        __nrf_sections_run_end__ = (__nrf_sections_run_start__ + SIZEOF (.nrf_sections_run))
                0x00000000                        __nrf_sections_run_size__ = SIZEOF (.nrf_sections_run)
                0x20000000                        __nrf_sections_run_load_end__ = __nrf_sections_run_end__
                0x00000000                        __vectors_load_start__ = 0x0

.vectors        0x00000000      0x200
                0x00000000                        __vectors_start__ = .
 *(.vectors .vectors.*)
 .vectors       0x00000000      0x200 Output/Debug/Obj/twi_scanner_pca10056/ses_startup_nrf52840.o
                0x00000000                _vectors
                0x00000200                        __vectors_end__ = (__vectors_start__ + SIZEOF (.vectors))
                0x00000200                        __vectors_size__ = SIZEOF (.vectors)
                0x00000200                        __vectors_load_end__ = __vectors_end__
                0x00000200                        __init_load_start__ = ALIGN (__vectors_end__, 0x4)

.init           0x00000200      0x1e4
                0x00000200                        __init_start__ = .
 *(.init .init.*)
 .init          0x00000200       0x18 Output/Debug/Obj/twi_scanner_pca10056/ses_startup_nrf52840.o
                0x00000200                NMI_Handler
                0x00000202                HardFault_Handler
                0x00000204                MemoryManagement_Handler
                0x00000206                BusFault_Handler
                0x00000208                UsageFault_Handler
                0x0000020a                SVC_Handler
                0x0000020c                DebugMon_Handler
                0x0000020e                PendSV_Handler
                0x00000210                SysTick_Handler
                0x00000212                PWM1_IRQHandler
                0x00000212                GPIOTE_IRQHandler
                0x00000212                RTC0_IRQHandler
                0x00000212                POWER_CLOCK_IRQHandler
                0x00000212                RADIO_IRQHandler
                0x00000212                SWI2_EGU2_IRQHandler
                0x00000212                TEMP_IRQHandler
                0x00000212                QDEC_IRQHandler
                0x00000212                TIMER3_IRQHandler
                0x00000212                PWM3_IRQHandler
                0x00000212                FPU_IRQHandler
                0x00000212                USBD_IRQHandler
                0x00000212                QSPI_IRQHandler
                0x00000212                TIMER4_IRQHandler
                0x00000212                PDM_IRQHandler
                0x00000212                I2S_IRQHandler
                0x00000212                SWI4_EGU4_IRQHandler
                0x00000212                TIMER0_IRQHandler
                0x00000212                UARTE1_IRQHandler
                0x00000212                Dummy_Handler
                0x00000212                TIMER1_IRQHandler
                0x00000212                SPIM3_IRQHandler
                0x00000212                PWM2_IRQHandler
                0x00000212                ECB_IRQHandler
                0x00000212                SAADC_IRQHandler
                0x00000212                CCM_AAR_IRQHandler
                0x00000212                WDT_IRQHandler
                0x00000212                SWI0_EGU0_IRQHandler
                0x00000212                SWI5_EGU5_IRQHandler
                0x00000212                RNG_IRQHandler
                0x00000212                RTC2_IRQHandler
                0x00000212                PWM0_IRQHandler
                0x00000212                SWI3_EGU3_IRQHandler
                0x00000212                RTC1_IRQHandler
                0x00000212                SWI1_EGU1_IRQHandler
                0x00000212                SPIM2_SPIS2_SPI2_IRQHandler
                0x00000212                NFCT_IRQHandler
                0x00000212                CRYPTOCELL_IRQHandler
                0x00000212                MWU_IRQHandler
                0x00000212                TIMER2_IRQHandler
                0x00000212                COMP_LPCOMP_IRQHandler
                0x00000214                nRFInitialize
 .init          0x00000218       0x5c Output/Debug/Obj/twi_scanner_pca10056/ses_startup_nrf_common.o
                0x00000218                Reset_Handler
                0x0000021c                afterInitialize
                0x00000240                InitializeUserMemorySections
 .init          0x00000274      0x170 Output/Debug/Obj/twi_scanner_pca10056/thumb_crt0.o
                0x00000274                _start
                0x00000322                exit
                0x00000322                _Exit
                0x000003e4                        __init_end__ = (__init_start__ + SIZEOF (.init))
                0x000001e4                        __init_size__ = SIZEOF (.init)
                0x000003e4                        __init_load_end__ = __init_end__
                0x000003e4                        __init_rodata_load_start__ = ALIGN (__init_end__, 0x4)

.init_rodata    0x000003e4        0x0
                0x000003e4                        __init_rodata_start__ = .
 *(.init_rodata .init_rodata.*)
                0x000003e4                        __init_rodata_end__ = (__init_rodata_start__ + SIZEOF (.init_rodata))
                0x00000000                        __init_rodata_size__ = SIZEOF (.init_rodata)
                0x000003e4                        __init_rodata_load_end__ = __init_rodata_end__
                0x000003e4                        __text_load_start__ = ALIGN (__init_rodata_end__, 0x4)

.text           0x000003e4     0x52d8
                0x000003e4                        __text_start__ = .
 *(.text .text.* .gnu.linkonce.t.* .glue_7t .glue_7 .gcc_except_table .ARM.extab* .gnu.linkonce.armextab.*)
 .glue_7        0x000003e4        0x0 linker stubs
 .glue_7t       0x000003e4        0x0 linker stubs
 .text.nrf_drv_uart_tx
                0x000003e4       0x64 Output/Debug/Obj/twi_scanner_pca10056/main.o
 .text.nrf_drv_uart_rx
                0x00000448       0x64 Output/Debug/Obj/twi_scanner_pca10056/main.o
 .text.uart_event_handler
                0x000004ac       0x5c Output/Debug/Obj/twi_scanner_pca10056/main.o
                0x000004ac                uart_event_handler
 .text.uart_init
                0x00000508       0x78 Output/Debug/Obj/twi_scanner_pca10056/main.o
                0x00000508                uart_init
 .text.main     0x00000580       0x4c Output/Debug/Obj/twi_scanner_pca10056/main.o
                0x00000580                main
 .text.__NVIC_SystemReset
                0x000005cc       0x28 Output/Debug/Obj/twi_scanner_pca10056/system_nrf52840.o
 .text.nrf52_errata_36
                0x000005f4       0x64 Output/Debug/Obj/twi_scanner_pca10056/system_nrf52840.o
 .text.nrf52_errata_66
                0x00000658       0x64 Output/Debug/Obj/twi_scanner_pca10056/system_nrf52840.o
 .text.nrf52_errata_98
                0x000006bc       0x64 Output/Debug/Obj/twi_scanner_pca10056/system_nrf52840.o
 .text.nrf52_errata_103
                0x00000720       0x64 Output/Debug/Obj/twi_scanner_pca10056/system_nrf52840.o
 .text.nrf52_errata_115
                0x00000784       0x64 Output/Debug/Obj/twi_scanner_pca10056/system_nrf52840.o
 .text.nrf52_errata_120
                0x000007e8       0x64 Output/Debug/Obj/twi_scanner_pca10056/system_nrf52840.o
 .text.nrf52_errata_136
                0x0000084c       0x64 Output/Debug/Obj/twi_scanner_pca10056/system_nrf52840.o
 .text.nrf52_errata_249
                0x000008b0       0x64 Output/Debug/Obj/twi_scanner_pca10056/system_nrf52840.o
 .text.nrf52_handle_approtect
                0x00000914       0x20 Output/Debug/Obj/twi_scanner_pca10056/system_nrf52840.o
 .text.nvmc_wait
                0x00000934       0x18 Output/Debug/Obj/twi_scanner_pca10056/system_nrf52840.o
                0x00000934                nvmc_wait
 .text.nvmc_config
                0x0000094c       0x20 Output/Debug/Obj/twi_scanner_pca10056/system_nrf52840.o
                0x0000094c                nvmc_config
 .text.SystemCoreClockUpdate
                0x0000096c       0x14 Output/Debug/Obj/twi_scanner_pca10056/system_nrf52840.o
                0x0000096c                SystemCoreClockUpdate
 .text.SystemInit
                0x00000980      0x228 Output/Debug/Obj/twi_scanner_pca10056/system_nrf52840.o
                0x00000980                SystemInit
 .text.uarte_evt_handler
                0x00000ba8       0x50 Output/Debug/Obj/twi_scanner_pca10056/nrf_drv_uart.o
 .text.uart_evt_handler
                0x00000bf8       0x50 Output/Debug/Obj/twi_scanner_pca10056/nrf_drv_uart.o
 .text.nrf_drv_uart_init
                0x00000c48       0xdc Output/Debug/Obj/twi_scanner_pca10056/nrf_drv_uart.o
                0x00000c48                nrf_drv_uart_init
 .text.UARTE0_UART0_IRQHandler
                0x00000d24       0x24 Output/Debug/Obj/twi_scanner_pca10056/nrfx_prs.o
                0x00000d24                UARTE0_UART0_IRQHandler
 .text.prs_box_get
                0x00000d48       0x20 Output/Debug/Obj/twi_scanner_pca10056/nrfx_prs.o
 .text.nrfx_prs_acquire
                0x00000d68       0x74 Output/Debug/Obj/twi_scanner_pca10056/nrfx_prs.o
                0x00000d68                nrfx_prs_acquire
 .text.nrfx_prs_release
                0x00000ddc       0x3c Output/Debug/Obj/twi_scanner_pca10056/nrfx_prs.o
                0x00000ddc                nrfx_prs_release
 .text.__NVIC_ClearPendingIRQ
                0x00000e18       0x38 Output/Debug/Obj/twi_scanner_pca10056/nrfx_twim.o
 .text.nrfx_get_irq_number
                0x00000e50       0x10 Output/Debug/Obj/twi_scanner_pca10056/nrfx_twim.o
 .text._NRFX_IRQ_PENDING_CLEAR
                0x00000e60       0x1c Output/Debug/Obj/twi_scanner_pca10056/nrfx_twim.o
 .text.nrf_twim_task_trigger
                0x00000e7c       0x1c Output/Debug/Obj/twi_scanner_pca10056/nrfx_twim.o
 .text.nrf_twim_event_clear
                0x00000e98       0x2a Output/Debug/Obj/twi_scanner_pca10056/nrfx_twim.o
 .text.nrf_twim_event_check
                0x00000ec2       0x24 Output/Debug/Obj/twi_scanner_pca10056/nrfx_twim.o
 .text.nrf_twim_int_enable
                0x00000ee6       0x14 Output/Debug/Obj/twi_scanner_pca10056/nrfx_twim.o
 .text.nrf_twim_int_disable
                0x00000efa       0x14 Output/Debug/Obj/twi_scanner_pca10056/nrfx_twim.o
 .text.nrf_twim_enable
                0x00000f0e       0x12 Output/Debug/Obj/twi_scanner_pca10056/nrfx_twim.o
 .text.nrf_twim_disable
                0x00000f20       0x12 Output/Debug/Obj/twi_scanner_pca10056/nrfx_twim.o
 .text.nrf_twim_errorsrc_get_and_clear
                0x00000f32       0x1c Output/Debug/Obj/twi_scanner_pca10056/nrfx_twim.o
 .text.nrf_twim_shorts_set
                0x00000f4e       0x14 Output/Debug/Obj/twi_scanner_pca10056/nrfx_twim.o
 .text.nrf_twim_txd_amount_get
                0x00000f62       0x10 Output/Debug/Obj/twi_scanner_pca10056/nrfx_twim.o
 .text.nrf_twim_shorts_get
                0x00000f72       0x10 Output/Debug/Obj/twi_scanner_pca10056/nrfx_twim.o
 .text.nrf_twim_rxd_amount_get
                0x00000f82       0x10 Output/Debug/Obj/twi_scanner_pca10056/nrfx_twim.o
 *fill*         0x00000f92        0x2 
 .text.xfer_completeness_check
                0x00000f94       0xfc Output/Debug/Obj/twi_scanner_pca10056/nrfx_twim.o
 .text.twim_irq_handler
                0x00001090      0x2a4 Output/Debug/Obj/twi_scanner_pca10056/nrfx_twim.o
 .text.SPIM0_SPIS0_TWIM0_TWIS0_SPI0_TWI0_IRQHandler
                0x00001334       0x18 Output/Debug/Obj/twi_scanner_pca10056/nrfx_twim.o
                0x00001334                SPIM0_SPIS0_TWIM0_TWIS0_SPI0_TWI0_IRQHandler
 .text.SPIM1_SPIS1_TWIM1_TWIS1_SPI1_TWI1_IRQHandler
                0x0000134c       0x14 Output/Debug/Obj/twi_scanner_pca10056/nrfx_twim.o
                0x0000134c                SPIM1_SPIS1_TWIM1_TWIS1_SPI1_TWI1_IRQHandler
 .text.__NVIC_EnableIRQ
                0x00001360       0x34 Output/Debug/Obj/twi_scanner_pca10056/nrfx_uart.o
 .text.__NVIC_DisableIRQ
                0x00001394       0x44 Output/Debug/Obj/twi_scanner_pca10056/nrfx_uart.o
 .text.__NVIC_SetPriority
                0x000013d8       0x50 Output/Debug/Obj/twi_scanner_pca10056/nrfx_uart.o
 .text.nrfx_get_irq_number
                0x00001428       0x10 Output/Debug/Obj/twi_scanner_pca10056/nrfx_uart.o
 .text._NRFX_IRQ_PRIORITY_SET
                0x00001438       0x40 Output/Debug/Obj/twi_scanner_pca10056/nrfx_uart.o
 .text._NRFX_IRQ_ENABLE
                0x00001478       0x1c Output/Debug/Obj/twi_scanner_pca10056/nrfx_uart.o
 .text._NRFX_IRQ_DISABLE
                0x00001494       0x1c Output/Debug/Obj/twi_scanner_pca10056/nrfx_uart.o
 .text.nrf_uart_event_clear
                0x000014b0       0x2a Output/Debug/Obj/twi_scanner_pca10056/nrfx_uart.o
 .text.nrf_uart_event_check
                0x000014da       0x24 Output/Debug/Obj/twi_scanner_pca10056/nrfx_uart.o
 .text.nrf_uart_int_enable
                0x000014fe       0x14 Output/Debug/Obj/twi_scanner_pca10056/nrfx_uart.o
 .text.nrf_uart_int_enable_check
                0x00001512       0x20 Output/Debug/Obj/twi_scanner_pca10056/nrfx_uart.o
 .text.nrf_uart_int_disable
                0x00001532       0x14 Output/Debug/Obj/twi_scanner_pca10056/nrfx_uart.o
 .text.nrf_uart_errorsrc_get_and_clear
                0x00001546       0x1c Output/Debug/Obj/twi_scanner_pca10056/nrfx_uart.o
 .text.nrf_uart_enable
                0x00001562       0x12 Output/Debug/Obj/twi_scanner_pca10056/nrfx_uart.o
 .text.nrf_uart_disable
                0x00001574       0x12 Output/Debug/Obj/twi_scanner_pca10056/nrfx_uart.o
 .text.nrf_uart_txrx_pins_set
                0x00001586       0x1e Output/Debug/Obj/twi_scanner_pca10056/nrfx_uart.o
 .text.nrf_uart_txrx_pins_disconnect
                0x000015a4       0x1c Output/Debug/Obj/twi_scanner_pca10056/nrfx_uart.o
 .text.nrf_uart_tx_pin_get
                0x000015c0       0x10 Output/Debug/Obj/twi_scanner_pca10056/nrfx_uart.o
 .text.nrf_uart_rx_pin_get
                0x000015d0       0x10 Output/Debug/Obj/twi_scanner_pca10056/nrfx_uart.o
 .text.nrf_uart_rts_pin_get
                0x000015e0       0x10 Output/Debug/Obj/twi_scanner_pca10056/nrfx_uart.o
 .text.nrf_uart_cts_pin_get
                0x000015f0       0x10 Output/Debug/Obj/twi_scanner_pca10056/nrfx_uart.o
 .text.nrf_uart_hwfc_pins_set
                0x00001600       0x1e Output/Debug/Obj/twi_scanner_pca10056/nrfx_uart.o
 .text.nrf_uart_hwfc_pins_disconnect
                0x0000161e       0x1c Output/Debug/Obj/twi_scanner_pca10056/nrfx_uart.o
 .text.nrf_uart_rxd_get
                0x0000163a       0x12 Output/Debug/Obj/twi_scanner_pca10056/nrfx_uart.o
 .text.nrf_uart_txd_set
                0x0000164c       0x1a Output/Debug/Obj/twi_scanner_pca10056/nrfx_uart.o
 .text.nrf_uart_task_trigger
                0x00001666       0x1c Output/Debug/Obj/twi_scanner_pca10056/nrfx_uart.o
 .text.nrf_uart_configure
                0x00001682       0x2a Output/Debug/Obj/twi_scanner_pca10056/nrfx_uart.o
 .text.nrf_uart_baudrate_set
                0x000016ac       0x14 Output/Debug/Obj/twi_scanner_pca10056/nrfx_uart.o
 .text.nrf_gpio_pin_port_decode
                0x000016c0       0x4c Output/Debug/Obj/twi_scanner_pca10056/nrfx_uart.o
 .text.nrf_gpio_cfg
                0x0000170c       0x62 Output/Debug/Obj/twi_scanner_pca10056/nrfx_uart.o
 .text.nrf_gpio_cfg_output
                0x0000176e       0x22 Output/Debug/Obj/twi_scanner_pca10056/nrfx_uart.o
 .text.nrf_gpio_cfg_input
                0x00001790       0x2a Output/Debug/Obj/twi_scanner_pca10056/nrfx_uart.o
 .text.nrf_gpio_cfg_default
                0x000017ba       0x22 Output/Debug/Obj/twi_scanner_pca10056/nrfx_uart.o
 .text.nrf_gpio_pin_set
                0x000017dc       0x28 Output/Debug/Obj/twi_scanner_pca10056/nrfx_uart.o
 .text.nrf_gpio_port_out_set
                0x00001804       0x14 Output/Debug/Obj/twi_scanner_pca10056/nrfx_uart.o
 .text.nrf_gpio_pin_present_check
                0x00001818       0x50 Output/Debug/Obj/twi_scanner_pca10056/nrfx_uart.o
 .text.apply_config
                0x00001868       0xc6 Output/Debug/Obj/twi_scanner_pca10056/nrfx_uart.o
 *fill*         0x0000192e        0x2 
 .text.interrupts_enable
                0x00001930       0x6c Output/Debug/Obj/twi_scanner_pca10056/nrfx_uart.o
 .text.interrupts_disable
                0x0000199c       0x30 Output/Debug/Obj/twi_scanner_pca10056/nrfx_uart.o
 .text.pins_to_default
                0x000019cc       0x8a Output/Debug/Obj/twi_scanner_pca10056/nrfx_uart.o
 *fill*         0x00001a56        0x2 
 .text.nrfx_uart_init
                0x00001a58       0xd4 Output/Debug/Obj/twi_scanner_pca10056/nrfx_uart.o
                0x00001a58                nrfx_uart_init
 .text.nrfx_uart_uninit
                0x00001b2c       0x5c Output/Debug/Obj/twi_scanner_pca10056/nrfx_uart.o
                0x00001b2c                nrfx_uart_uninit
 .text.tx_byte  0x00001b88       0x40 Output/Debug/Obj/twi_scanner_pca10056/nrfx_uart.o
 .text.tx_blocking
                0x00001bc8       0x52 Output/Debug/Obj/twi_scanner_pca10056/nrfx_uart.o
 *fill*         0x00001c1a        0x2 
 .text.nrfx_uart_tx
                0x00001c1c      0x110 Output/Debug/Obj/twi_scanner_pca10056/nrfx_uart.o
                0x00001c1c                nrfx_uart_tx
 .text.nrfx_uart_tx_in_progress
                0x00001d2c       0x2c Output/Debug/Obj/twi_scanner_pca10056/nrfx_uart.o
                0x00001d2c                nrfx_uart_tx_in_progress
 .text.rx_enable
                0x00001d58       0x36 Output/Debug/Obj/twi_scanner_pca10056/nrfx_uart.o
 .text.rx_byte  0x00001d8e       0x4e Output/Debug/Obj/twi_scanner_pca10056/nrfx_uart.o
 .text.nrfx_uart_rx
                0x00001ddc      0x21c Output/Debug/Obj/twi_scanner_pca10056/nrfx_uart.o
                0x00001ddc                nrfx_uart_rx
 .text.rx_done_event
                0x00001ff8       0x2e Output/Debug/Obj/twi_scanner_pca10056/nrfx_uart.o
 .text.tx_done_event
                0x00002026       0x34 Output/Debug/Obj/twi_scanner_pca10056/nrfx_uart.o
 .text.uart_irq_handler
                0x0000205a      0x1de Output/Debug/Obj/twi_scanner_pca10056/nrfx_uart.o
 .text.nrfx_uart_0_irq_handler
                0x00002238       0x18 Output/Debug/Obj/twi_scanner_pca10056/nrfx_uart.o
                0x00002238                nrfx_uart_0_irq_handler
 .text.__NVIC_EnableIRQ
                0x00002250       0x34 Output/Debug/Obj/twi_scanner_pca10056/nrfx_uarte.o
 .text.__NVIC_DisableIRQ
                0x00002284       0x44 Output/Debug/Obj/twi_scanner_pca10056/nrfx_uarte.o
 .text.__NVIC_SetPriority
                0x000022c8       0x50 Output/Debug/Obj/twi_scanner_pca10056/nrfx_uarte.o
 .text.nrfx_is_in_ram
                0x00002318       0x1c Output/Debug/Obj/twi_scanner_pca10056/nrfx_uarte.o
 .text.nrfx_get_irq_number
                0x00002334       0x10 Output/Debug/Obj/twi_scanner_pca10056/nrfx_uarte.o
 .text._NRFX_IRQ_PRIORITY_SET
                0x00002344       0x40 Output/Debug/Obj/twi_scanner_pca10056/nrfx_uarte.o
 .text._NRFX_IRQ_ENABLE
                0x00002384       0x1c Output/Debug/Obj/twi_scanner_pca10056/nrfx_uarte.o
 .text._NRFX_IRQ_DISABLE
                0x000023a0       0x1c Output/Debug/Obj/twi_scanner_pca10056/nrfx_uarte.o
 .text.nrf_uarte_event_clear
                0x000023bc       0x2a Output/Debug/Obj/twi_scanner_pca10056/nrfx_uarte.o
 .text.nrf_uarte_event_check
                0x000023e6       0x24 Output/Debug/Obj/twi_scanner_pca10056/nrfx_uarte.o
 .text.nrf_uarte_shorts_enable
                0x0000240a       0x1c Output/Debug/Obj/twi_scanner_pca10056/nrfx_uarte.o
 .text.nrf_uarte_shorts_disable
                0x00002426       0x1e Output/Debug/Obj/twi_scanner_pca10056/nrfx_uarte.o
 .text.nrf_uarte_int_enable
                0x00002444       0x14 Output/Debug/Obj/twi_scanner_pca10056/nrfx_uarte.o
 .text.nrf_uarte_int_disable
                0x00002458       0x14 Output/Debug/Obj/twi_scanner_pca10056/nrfx_uarte.o
 .text.nrf_uarte_errorsrc_get_and_clear
                0x0000246c       0x1c Output/Debug/Obj/twi_scanner_pca10056/nrfx_uarte.o
 .text.nrf_uarte_enable
                0x00002488       0x12 Output/Debug/Obj/twi_scanner_pca10056/nrfx_uarte.o
 .text.nrf_uarte_disable
                0x0000249a       0x12 Output/Debug/Obj/twi_scanner_pca10056/nrfx_uarte.o
 .text.nrf_uarte_txrx_pins_set
                0x000024ac       0x1e Output/Debug/Obj/twi_scanner_pca10056/nrfx_uarte.o
 .text.nrf_uarte_txrx_pins_disconnect
                0x000024ca       0x1c Output/Debug/Obj/twi_scanner_pca10056/nrfx_uarte.o
 .text.nrf_uarte_tx_pin_get
                0x000024e6       0x10 Output/Debug/Obj/twi_scanner_pca10056/nrfx_uarte.o
 .text.nrf_uarte_rx_pin_get
                0x000024f6       0x10 Output/Debug/Obj/twi_scanner_pca10056/nrfx_uarte.o
 .text.nrf_uarte_rts_pin_get
                0x00002506       0x10 Output/Debug/Obj/twi_scanner_pca10056/nrfx_uarte.o
 .text.nrf_uarte_cts_pin_get
                0x00002516       0x10 Output/Debug/Obj/twi_scanner_pca10056/nrfx_uarte.o
 .text.nrf_uarte_hwfc_pins_set
                0x00002526       0x1e Output/Debug/Obj/twi_scanner_pca10056/nrfx_uarte.o
 .text.nrf_uarte_hwfc_pins_disconnect
                0x00002544       0x1c Output/Debug/Obj/twi_scanner_pca10056/nrfx_uarte.o
 .text.nrf_uarte_task_trigger
                0x00002560       0x1c Output/Debug/Obj/twi_scanner_pca10056/nrfx_uarte.o
 .text.nrf_uarte_configure
                0x0000257c       0x2a Output/Debug/Obj/twi_scanner_pca10056/nrfx_uarte.o
 .text.nrf_uarte_baudrate_set
                0x000025a6       0x14 Output/Debug/Obj/twi_scanner_pca10056/nrfx_uarte.o
 .text.nrf_uarte_tx_buffer_set
                0x000025ba       0x1e Output/Debug/Obj/twi_scanner_pca10056/nrfx_uarte.o
 .text.nrf_uarte_tx_amount_get
                0x000025d8       0x10 Output/Debug/Obj/twi_scanner_pca10056/nrfx_uarte.o
 .text.nrf_uarte_rx_buffer_set
                0x000025e8       0x1e Output/Debug/Obj/twi_scanner_pca10056/nrfx_uarte.o
 .text.nrf_uarte_rx_amount_get
                0x00002606       0x10 Output/Debug/Obj/twi_scanner_pca10056/nrfx_uarte.o
 *fill*         0x00002616        0x2 
 .text.nrf_gpio_pin_port_decode
                0x00002618       0x4c Output/Debug/Obj/twi_scanner_pca10056/nrfx_uarte.o
 .text.nrf_gpio_cfg
                0x00002664       0x62 Output/Debug/Obj/twi_scanner_pca10056/nrfx_uarte.o
 .text.nrf_gpio_cfg_output
                0x000026c6       0x22 Output/Debug/Obj/twi_scanner_pca10056/nrfx_uarte.o
 .text.nrf_gpio_cfg_input
                0x000026e8       0x2a Output/Debug/Obj/twi_scanner_pca10056/nrfx_uarte.o
 .text.nrf_gpio_cfg_default
                0x00002712       0x22 Output/Debug/Obj/twi_scanner_pca10056/nrfx_uarte.o
 .text.nrf_gpio_pin_set
                0x00002734       0x28 Output/Debug/Obj/twi_scanner_pca10056/nrfx_uarte.o
 .text.nrf_gpio_port_out_set
                0x0000275c       0x14 Output/Debug/Obj/twi_scanner_pca10056/nrfx_uarte.o
 .text.nrf_gpio_pin_present_check
                0x00002770       0x50 Output/Debug/Obj/twi_scanner_pca10056/nrfx_uarte.o
 .text.apply_config
                0x000027c0       0xc6 Output/Debug/Obj/twi_scanner_pca10056/nrfx_uarte.o
 *fill*         0x00002886        0x2 
 .text.interrupts_enable
                0x00002888       0x98 Output/Debug/Obj/twi_scanner_pca10056/nrfx_uarte.o
 .text.interrupts_disable
                0x00002920       0x30 Output/Debug/Obj/twi_scanner_pca10056/nrfx_uarte.o
 .text.pins_to_default
                0x00002950       0x8a Output/Debug/Obj/twi_scanner_pca10056/nrfx_uarte.o
 *fill*         0x000029da        0x2 
 .text.nrfx_uarte_init
                0x000029dc       0xcc Output/Debug/Obj/twi_scanner_pca10056/nrfx_uarte.o
                0x000029dc                nrfx_uarte_init
 .text.nrfx_uarte_uninit
                0x00002aa8       0xc4 Output/Debug/Obj/twi_scanner_pca10056/nrfx_uarte.o
                0x00002aa8                nrfx_uarte_uninit
 .text.nrfx_uarte_tx
                0x00002b6c      0x180 Output/Debug/Obj/twi_scanner_pca10056/nrfx_uarte.o
                0x00002b6c                nrfx_uarte_tx
 .text.nrfx_uarte_tx_in_progress
                0x00002cec       0x30 Output/Debug/Obj/twi_scanner_pca10056/nrfx_uarte.o
                0x00002cec                nrfx_uarte_tx_in_progress
 .text.nrfx_uarte_rx
                0x00002d1c      0x23c Output/Debug/Obj/twi_scanner_pca10056/nrfx_uarte.o
                0x00002d1c                nrfx_uarte_rx
 .text.rx_done_event
                0x00002f58       0x2e Output/Debug/Obj/twi_scanner_pca10056/nrfx_uarte.o
 .text.tx_done_event
                0x00002f86       0x34 Output/Debug/Obj/twi_scanner_pca10056/nrfx_uarte.o
 .text.uarte_irq_handler
                0x00002fba      0x18c Output/Debug/Obj/twi_scanner_pca10056/nrfx_uarte.o
 *fill*         0x00003146        0x2 
 .text.nrfx_uarte_0_irq_handler
                0x00003148       0x18 Output/Debug/Obj/twi_scanner_pca10056/nrfx_uarte.o
                0x00003148                nrfx_uarte_0_irq_handler
 .text.app_error_save_and_stop
                0x00003160       0x98 Output/Debug/Obj/twi_scanner_pca10056/app_error.o
                0x00003160                app_error_save_and_stop
 .text.app_error_handler
                0x000031f8       0x1c Output/Debug/Obj/twi_scanner_pca10056/app_error_handler_gcc.o
                0x000031f8                app_error_handler
 .text.app_error_fault_handler
                0x00003214      0x104 Output/Debug/Obj/twi_scanner_pca10056/app_error_weak.o
                0x00003214                app_error_fault_handler
 .text.app_util_disable_irq
                0x00003318       0x18 Output/Debug/Obj/twi_scanner_pca10056/app_util_platform.o
                0x00003318                app_util_disable_irq
 .text.app_util_enable_irq
                0x00003330       0x20 Output/Debug/Obj/twi_scanner_pca10056/app_util_platform.o
                0x00003330                app_util_enable_irq
 .text.app_util_critical_region_enter
                0x00003350       0x28 Output/Debug/Obj/twi_scanner_pca10056/app_util_platform.o
                0x00003350                app_util_critical_region_enter
 .text.app_util_critical_region_exit
                0x00003378       0x2c Output/Debug/Obj/twi_scanner_pca10056/app_util_platform.o
                0x00003378                app_util_critical_region_exit
 .text.privilege_level_get
                0x000033a4       0x3a Output/Debug/Obj/twi_scanner_pca10056/app_util_platform.o
                0x000033a4                privilege_level_get
 .text.assert_nrf_callback
                0x000033de       0x2c Output/Debug/Obj/twi_scanner_pca10056/nrf_assert.o
                0x000033de                assert_nrf_callback
 .text.nrf_atomic_u32_fetch_store
                0x0000340a       0x2e Output/Debug/Obj/twi_scanner_pca10056/nrf_atomic.o
                0x0000340a                nrf_atomic_u32_fetch_store
 .text.nrf_atomic_u32_or
                0x00003438       0x30 Output/Debug/Obj/twi_scanner_pca10056/nrf_atomic.o
                0x00003438                nrf_atomic_u32_or
 .text.nrf_atomic_u32_fetch_and
                0x00003468       0x30 Output/Debug/Obj/twi_scanner_pca10056/nrf_atomic.o
                0x00003468                nrf_atomic_u32_fetch_and
 .text.nrf_atomic_u32_add
                0x00003498       0x30 Output/Debug/Obj/twi_scanner_pca10056/nrf_atomic.o
                0x00003498                nrf_atomic_u32_add
 .text.nrf_atomic_u32_sub
                0x000034c8       0x30 Output/Debug/Obj/twi_scanner_pca10056/nrf_atomic.o
                0x000034c8                nrf_atomic_u32_sub
 .text.nrf_atomic_flag_set
                0x000034f8       0x18 Output/Debug/Obj/twi_scanner_pca10056/nrf_atomic.o
                0x000034f8                nrf_atomic_flag_set
 .text.nrf_atomic_flag_clear_fetch
                0x00003510       0x18 Output/Debug/Obj/twi_scanner_pca10056/nrf_atomic.o
                0x00003510                nrf_atomic_flag_clear_fetch
 .text.nrf_balloc_idx2block
                0x00003528       0x38 Output/Debug/Obj/twi_scanner_pca10056/nrf_balloc.o
 .text.nrf_balloc_block2idx
                0x00003560       0x34 Output/Debug/Obj/twi_scanner_pca10056/nrf_balloc.o
 .text.nrf_balloc_init
                0x00003594       0xb8 Output/Debug/Obj/twi_scanner_pca10056/nrf_balloc.o
                0x00003594                nrf_balloc_init
 .text.nrf_balloc_alloc
                0x0000364c       0x84 Output/Debug/Obj/twi_scanner_pca10056/nrf_balloc.o
                0x0000364c                nrf_balloc_alloc
 .text.nrf_balloc_free
                0x000036d0       0x58 Output/Debug/Obj/twi_scanner_pca10056/nrf_balloc.o
                0x000036d0                nrf_balloc_free
 .text.nrf_fprintf_buffer_flush
                0x00003728       0x44 Output/Debug/Obj/twi_scanner_pca10056/nrf_fprintf.o
                0x00003728                nrf_fprintf_buffer_flush
 .text.nrf_fprintf
                0x0000376c       0x74 Output/Debug/Obj/twi_scanner_pca10056/nrf_fprintf.o
                0x0000376c                nrf_fprintf
 .text.buffer_add
                0x000037e0       0x4c Output/Debug/Obj/twi_scanner_pca10056/nrf_fprintf_format.o
 .text.string_print
                0x0000382c       0xc2 Output/Debug/Obj/twi_scanner_pca10056/nrf_fprintf_format.o
 *fill*         0x000038ee        0x2 
 .text.unsigned_print
                0x000038f0      0x130 Output/Debug/Obj/twi_scanner_pca10056/nrf_fprintf_format.o
 .text.int_print
                0x00003a20      0x11c Output/Debug/Obj/twi_scanner_pca10056/nrf_fprintf_format.o
 .text.nrf_fprintf_fmt
                0x00003b3c      0x388 Output/Debug/Obj/twi_scanner_pca10056/nrf_fprintf_format.o
                0x00003b3c                nrf_fprintf_fmt
 .text.nrf_memobj_pool_init
                0x00003ec4       0x16 Output/Debug/Obj/twi_scanner_pca10056/nrf_memobj.o
                0x00003ec4                nrf_memobj_pool_init
 .text.nrf_memobj_alloc
                0x00003eda       0xae Output/Debug/Obj/twi_scanner_pca10056/nrf_memobj.o
                0x00003eda                nrf_memobj_alloc
 .text.nrf_memobj_free
                0x00003f88       0x74 Output/Debug/Obj/twi_scanner_pca10056/nrf_memobj.o
                0x00003f88                nrf_memobj_free
 .text.nrf_memobj_get
                0x00003ffc       0x1e Output/Debug/Obj/twi_scanner_pca10056/nrf_memobj.o
                0x00003ffc                nrf_memobj_get
 .text.nrf_memobj_put
                0x0000401a       0x34 Output/Debug/Obj/twi_scanner_pca10056/nrf_memobj.o
                0x0000401a                nrf_memobj_put
 *fill*         0x0000404e        0x2 
 .text.memobj_op
                0x00004050      0x124 Output/Debug/Obj/twi_scanner_pca10056/nrf_memobj.o
 .text.nrf_memobj_write
                0x00004174       0x3c Output/Debug/Obj/twi_scanner_pca10056/nrf_memobj.o
                0x00004174                nrf_memobj_write
 .text.nrf_memobj_read
                0x000041b0       0x40 Output/Debug/Obj/twi_scanner_pca10056/nrf_memobj.o
                0x000041b0                nrf_memobj_read
 .text.nrf_ringbuf_init
                0x000041f0       0x3a Output/Debug/Obj/twi_scanner_pca10056/nrf_ringbuf.o
                0x000041f0                nrf_ringbuf_init
 *fill*         0x0000422a        0x2 
 .text.nrf_strerror_get
                0x0000422c       0x28 Output/Debug/Obj/twi_scanner_pca10056/nrf_strerror.o
                0x0000422c                nrf_strerror_get
 .text.nrf_strerror_find
                0x00004254       0x68 Output/Debug/Obj/twi_scanner_pca10056/nrf_strerror.o
                0x00004254                nrf_strerror_find
 .text.nrf_log_backend_serial_put
                0x000042bc      0x124 Output/Debug/Obj/twi_scanner_pca10056/nrf_log_backend_serial.o
                0x000042bc                nrf_log_backend_serial_put
 .text.nrf_drv_uart_uninit
                0x000043e0       0x44 Output/Debug/Obj/twi_scanner_pca10056/nrf_log_backend_uart.o
 .text.nrf_drv_uart_tx
                0x00004424       0x64 Output/Debug/Obj/twi_scanner_pca10056/nrf_log_backend_uart.o
 .text.uart_evt_handler
                0x00004488       0x18 Output/Debug/Obj/twi_scanner_pca10056/nrf_log_backend_uart.o
 .text.uart_init
                0x000044a0       0x88 Output/Debug/Obj/twi_scanner_pca10056/nrf_log_backend_uart.o
 .text.nrf_log_backend_uart_init
                0x00004528       0x1c Output/Debug/Obj/twi_scanner_pca10056/nrf_log_backend_uart.o
                0x00004528                nrf_log_backend_uart_init
 .text.serial_tx
                0x00004544       0x6c Output/Debug/Obj/twi_scanner_pca10056/nrf_log_backend_uart.o
 .text.nrf_log_backend_uart_put
                0x000045b0       0x28 Output/Debug/Obj/twi_scanner_pca10056/nrf_log_backend_uart.o
 .text.nrf_log_backend_uart_flush
                0x000045d8        0xa Output/Debug/Obj/twi_scanner_pca10056/nrf_log_backend_uart.o
 *fill*         0x000045e2        0x2 
 .text.nrf_log_backend_uart_panic_set
                0x000045e4       0x20 Output/Debug/Obj/twi_scanner_pca10056/nrf_log_backend_uart.o
 .text.nrf_log_backend_enable
                0x00004604       0x12 Output/Debug/Obj/twi_scanner_pca10056/nrf_log_default_backends.o
 *fill*         0x00004616        0x2 
 .text.nrf_log_default_backends_init
                0x00004618       0x3c Output/Debug/Obj/twi_scanner_pca10056/nrf_log_default_backends.o
                0x00004618                nrf_log_default_backends_init
 .text.nrf_log_backend_put
                0x00004654       0x1c Output/Debug/Obj/twi_scanner_pca10056/nrf_log_frontend.o
 .text.nrf_log_backend_panic_set
                0x00004670       0x18 Output/Debug/Obj/twi_scanner_pca10056/nrf_log_frontend.o
 .text.nrf_log_backend_flush
                0x00004688       0x18 Output/Debug/Obj/twi_scanner_pca10056/nrf_log_frontend.o
 .text.nrf_log_backend_id_set
                0x000046a0       0x1a Output/Debug/Obj/twi_scanner_pca10056/nrf_log_frontend.o
 .text.nrf_log_backend_id_get
                0x000046ba       0x10 Output/Debug/Obj/twi_scanner_pca10056/nrf_log_frontend.o
 .text.nrf_log_backend_enable
                0x000046ca       0x12 Output/Debug/Obj/twi_scanner_pca10056/nrf_log_frontend.o
 .text.nrf_log_backend_is_enabled
                0x000046dc       0x10 Output/Debug/Obj/twi_scanner_pca10056/nrf_log_frontend.o
 .text.nrf_log_init
                0x000046ec       0x50 Output/Debug/Obj/twi_scanner_pca10056/nrf_log_frontend.o
                0x000046ec                nrf_log_init
 .text.nrf_log_module_cnt_get
                0x0000473c       0x14 Output/Debug/Obj/twi_scanner_pca10056/nrf_log_frontend.o
                0x0000473c                nrf_log_module_cnt_get
 .text.module_idx_get
                0x00004750       0x64 Output/Debug/Obj/twi_scanner_pca10056/nrf_log_frontend.o
 .text.nrf_log_module_name_get
                0x000047b4       0x40 Output/Debug/Obj/twi_scanner_pca10056/nrf_log_frontend.o
                0x000047b4                nrf_log_module_name_get
 .text.nrf_log_color_id_get
                0x000047f4       0x70 Output/Debug/Obj/twi_scanner_pca10056/nrf_log_frontend.o
                0x000047f4                nrf_log_color_id_get
 .text.invalid_packets_omit
                0x00004864       0x6e Output/Debug/Obj/twi_scanner_pca10056/nrf_log_frontend.o
 *fill*         0x000048d2        0x2 
 .text.log_skip
                0x000048d4      0x118 Output/Debug/Obj/twi_scanner_pca10056/nrf_log_frontend.o
 .text.dropped_sat16_get
                0x000049ec       0x28 Output/Debug/Obj/twi_scanner_pca10056/nrf_log_frontend.o
 .text.std_header_set
                0x00004a14       0xb4 Output/Debug/Obj/twi_scanner_pca10056/nrf_log_frontend.o
 .text.log_pending_hook
                0x00004ac8        0x4 Output/Debug/Obj/twi_scanner_pca10056/nrf_log_frontend.o
                0x00004ac8                log_pending_hook
 .text.buf_prealloc
                0x00004acc      0x128 Output/Debug/Obj/twi_scanner_pca10056/nrf_log_frontend.o
 .text.std_n    0x00004bf4       0x94 Output/Debug/Obj/twi_scanner_pca10056/nrf_log_frontend.o
 .text.nrf_log_frontend_std_0
                0x00004c88       0x1c Output/Debug/Obj/twi_scanner_pca10056/nrf_log_frontend.o
                0x00004c88                nrf_log_frontend_std_0
 .text.nrf_log_frontend_std_1
                0x00004ca4       0x22 Output/Debug/Obj/twi_scanner_pca10056/nrf_log_frontend.o
                0x00004ca4                nrf_log_frontend_std_1
 .text.nrf_log_frontend_std_2
                0x00004cc6       0x28 Output/Debug/Obj/twi_scanner_pca10056/nrf_log_frontend.o
                0x00004cc6                nrf_log_frontend_std_2
 .text.nrf_log_frontend_std_5
                0x00004cee       0x34 Output/Debug/Obj/twi_scanner_pca10056/nrf_log_frontend.o
                0x00004cee                nrf_log_frontend_std_5
 *fill*         0x00004d22        0x2 
 .text.buffer_is_empty
                0x00004d24       0x1c Output/Debug/Obj/twi_scanner_pca10056/nrf_log_frontend.o
                0x00004d24                buffer_is_empty
 .text.nrf_log_frontend_dequeue
                0x00004d40      0x3a0 Output/Debug/Obj/twi_scanner_pca10056/nrf_log_frontend.o
                0x00004d40                nrf_log_frontend_dequeue
 .text.backend_id_assign
                0x000050e0       0x68 Output/Debug/Obj/twi_scanner_pca10056/nrf_log_frontend.o
 .text.nrf_log_backend_add
                0x00005148       0x70 Output/Debug/Obj/twi_scanner_pca10056/nrf_log_frontend.o
                0x00005148                nrf_log_backend_add
 .text.nrf_log_panic
                0x000051b8       0x3c Output/Debug/Obj/twi_scanner_pca10056/nrf_log_frontend.o
                0x000051b8                nrf_log_panic
 .text.timestamp_print
                0x000051f4        0xc Output/Debug/Obj/twi_scanner_pca10056/nrf_log_str_formatter.o
 .text.prefix_process
                0x00005200       0xb0 Output/Debug/Obj/twi_scanner_pca10056/nrf_log_str_formatter.o
 .text.postfix_process
                0x000052b0       0x60 Output/Debug/Obj/twi_scanner_pca10056/nrf_log_str_formatter.o
 .text.nrf_log_std_entry_process
                0x00005310      0x144 Output/Debug/Obj/twi_scanner_pca10056/nrf_log_str_formatter.o
                0x00005310                nrf_log_std_entry_process
 .text.nrf_log_hexdump_entry_process
                0x00005454       0xf0 Output/Debug/Obj/twi_scanner_pca10056/nrf_log_str_formatter.o
                0x00005454                nrf_log_hexdump_entry_process
 .text.libc.__SEGGER_RTL_init_heap
                0x00005544       0x18 C:/Program Files/SEGGER/SEGGER Embedded Studio 8.22a/lib/heapops_basic_v7em_fpv4_sp_d16_hard_t_le_eabi_balanced.a(heapops_basic.o)
                0x00005544                __SEGGER_RTL_init_heap
 .text.libc.strlen
                0x0000555c       0x2c C:/Program Files/SEGGER/SEGGER Embedded Studio 8.22a/lib/strops_unaligned_v7em_fpv4_sp_d16_hard_t_le_eabi_balanced.a(strops.o)
                0x0000555c                strlen
 .text.libc.memcpy
                0x00005588       0x5c C:/Program Files/SEGGER/SEGGER Embedded Studio 8.22a/lib/strops_unaligned_v7em_fpv4_sp_d16_hard_t_le_eabi_balanced.a(strasmops_arm.o)
                0x00005588                __aeabi_memcpy
                0x00005588                memcpy
                0x000055a6                __aeabi_memcpy8
                0x000055a6                __aeabi_memcpy4
 .text.libc.__SEGGER_RTL_ascii_mbtowc
                0x000055e4       0x34 C:/Program Files/SEGGER/SEGGER Embedded Studio 8.22a/lib/mbops_timeops_v7em_fpv4_sp_d16_hard_t_le_eabi_balanced.a(mbops.o)
                0x000055e4                __SEGGER_RTL_ascii_mbtowc
 .text.libc.__SEGGER_RTL_ascii_wctomb
                0x00005618        0xe C:/Program Files/SEGGER/SEGGER Embedded Studio 8.22a/lib/mbops_timeops_v7em_fpv4_sp_d16_hard_t_le_eabi_balanced.a(mbops.o)
                0x00005618                __SEGGER_RTL_ascii_wctomb
 .text.libc.isprint
                0x00005626       0x20 C:/Program Files/SEGGER/SEGGER Embedded Studio 8.22a/lib/mbops_timeops_v7em_fpv4_sp_d16_hard_t_le_eabi_balanced.a(mbops.o)
                0x00005626                isprint
 .text.libc.__SEGGER_RTL_ascii_isctype
                0x00005646       0x20 C:/Program Files/SEGGER/SEGGER Embedded Studio 8.22a/lib/mbops_timeops_v7em_fpv4_sp_d16_hard_t_le_eabi_balanced.a(mbops.o)
 .text.libc.__SEGGER_RTL_ascii_toupper
                0x00005666        0xc C:/Program Files/SEGGER/SEGGER Embedded Studio 8.22a/lib/mbops_timeops_v7em_fpv4_sp_d16_hard_t_le_eabi_balanced.a(mbops.o)
 .text.libc.__SEGGER_RTL_ascii_tolower
                0x00005672        0xe C:/Program Files/SEGGER/SEGGER Embedded Studio 8.22a/lib/mbops_timeops_v7em_fpv4_sp_d16_hard_t_le_eabi_balanced.a(mbops.o)
 .text.libc.__SEGGER_RTL_ascii_iswctype
                0x00005680       0x20 C:/Program Files/SEGGER/SEGGER Embedded Studio 8.22a/lib/mbops_timeops_v7em_fpv4_sp_d16_hard_t_le_eabi_balanced.a(mbops.o)
 .text.libc.__SEGGER_RTL_ascii_towupper
                0x000056a0        0xc C:/Program Files/SEGGER/SEGGER Embedded Studio 8.22a/lib/mbops_timeops_v7em_fpv4_sp_d16_hard_t_le_eabi_balanced.a(mbops.o)
 .text.libc.__SEGGER_RTL_ascii_towlower
                0x000056ac        0xe C:/Program Files/SEGGER/SEGGER Embedded Studio 8.22a/lib/mbops_timeops_v7em_fpv4_sp_d16_hard_t_le_eabi_balanced.a(mbops.o)
                0x000056bc                        . = ALIGN (MAX ((__text_start__ + 0x4), .), 0x4)
 *fill*         0x000056ba        0x2 
                0x000056bc                        __text_end__ = (__text_start__ + SIZEOF (.text))
                0x000052d8                        __text_size__ = SIZEOF (.text)
                0x000056bc                        __text_load_end__ = __text_end__
                0x000056bc                        __log_const_data_load_start__ = ALIGN (__text_end__, 0x4)

.vfp11_veneer   0x00000000        0x0
 .vfp11_veneer  0x00000000        0x0 linker stubs

.v4_bx          0x00000000        0x0
 .v4_bx         0x00000000        0x0 linker stubs

.iplt           0x00000000        0x0
 .iplt          0x00000000        0x0 Output/Debug/Obj/twi_scanner_pca10056/main.o

.log_const_data
                0x000056bc       0x28
                0x000056bc                        __log_const_data_start__ = .
                0x000056bc                        __start_log_const_data = __log_const_data_start__
 *(SORT_BY_NAME(.log_const_data*))
 .log_const_data_PRS
                0x000056bc        0x8 Output/Debug/Obj/twi_scanner_pca10056/nrfx_prs.o
                0x000056bc                m_nrf_log_PRS_logs_data_const
 .log_const_data_TWIM
                0x000056c4        0x8 Output/Debug/Obj/twi_scanner_pca10056/nrfx_twim.o
                0x000056c4                m_nrf_log_TWIM_logs_data_const
 .log_const_data_UART
                0x000056cc        0x8 Output/Debug/Obj/twi_scanner_pca10056/nrfx_uart.o
                0x000056cc                m_nrf_log_UART_logs_data_const
 .log_const_data_UARTE
                0x000056d4        0x8 Output/Debug/Obj/twi_scanner_pca10056/nrfx_uarte.o
                0x000056d4                m_nrf_log_UARTE_logs_data_const
 .log_const_data_app
                0x000056dc        0x8 Output/Debug/Obj/twi_scanner_pca10056/nrf_log_frontend.o
                0x000056dc                m_nrf_log_app_logs_data_const
                0x000056e4                        __log_const_data_end__ = (__log_const_data_start__ + SIZEOF (.log_const_data))
                0x00000028                        __log_const_data_size__ = SIZEOF (.log_const_data)
                0x000056e4                        __stop_log_const_data = __log_const_data_end__
                0x000056e4                        __log_const_data_load_end__ = __log_const_data_end__
                0x000056e4                        __log_backends_load_start__ = ALIGN (__log_const_data_end__, 0x4)

.log_backends   0x000056e4       0x10
                0x000056e4                        __log_backends_start__ = .
                0x000056e4                        __start_log_backends = __log_backends_start__
 *(SORT_BY_NAME(.log_backends*))
 .log_backends  0x000056e4       0x10 Output/Debug/Obj/twi_scanner_pca10056/nrf_log_default_backends.o
                0x000056f4                        __log_backends_end__ = (__log_backends_start__ + SIZEOF (.log_backends))
                0x00000010                        __log_backends_size__ = SIZEOF (.log_backends)
                0x000056f4                        __stop_log_backends = __log_backends_end__
                0x000056f4                        __log_backends_load_end__ = __log_backends_end__
                0x000056f4                        __nrf_balloc_load_start__ = ALIGN (__log_backends_end__, 0x4)

.nrf_balloc     0x000056f4       0x14
                0x000056f4                        __nrf_balloc_start__ = .
                0x000056f4                        __start_nrf_balloc = __nrf_balloc_start__
 *(.nrf_balloc*)
 .nrf_balloc    0x000056f4       0x14 Output/Debug/Obj/twi_scanner_pca10056/nrf_log_frontend.o
                0x000056f4                log_mempool
                0x00005708                        __nrf_balloc_end__ = (__nrf_balloc_start__ + SIZEOF (.nrf_balloc))
                0x00000014                        __nrf_balloc_size__ = SIZEOF (.nrf_balloc)
                0x00005708                        __stop_nrf_balloc = __nrf_balloc_end__
                0x00005708                        __nrf_balloc_load_end__ = __nrf_balloc_end__
                0x00005708                        __nrf_sections_load_start__ = ALIGN (__nrf_balloc_end__, 0x4)

.nrf_sections   0x00005708        0x0
                0x00005708                        __nrf_sections_start__ = .
                0x00005708                        __start_nrf_sections = __nrf_sections_start__
 *(.nrf_sections .nrf_sections.*)
                0x00005708                        __nrf_sections_end__ = (__nrf_sections_start__ + SIZEOF (.nrf_sections))
                0x00000000                        __nrf_sections_size__ = SIZEOF (.nrf_sections)
                0x00005708                        __nrf_sections_load_end__ = __nrf_sections_end__
                0x00005708                        __log_dynamic_data_load_start__ = ALIGN (__nrf_sections_end__, 0x4)

.log_dynamic_data
                0x20000000        0x0 load address 0x00005708
                0x20000000                        __log_dynamic_data_start__ = .
 *(SORT_BY_NAME(.log_dynamic_data*))
                0x20000000                        __log_dynamic_data_end__ = (__log_dynamic_data_start__ + SIZEOF (.log_dynamic_data))
                0x00000000                        __log_dynamic_data_size__ = SIZEOF (.log_dynamic_data)
                0x00005708                        __log_dynamic_data_load_end__ = (__log_dynamic_data_load_start__ + SIZEOF (.log_dynamic_data))

.log_dynamic_data_run
                0x20000000        0x0
                0x20000000                        __log_dynamic_data_run_start__ = .
                0x20000000                        __start_log_dynamic_data = __log_dynamic_data_run_start__
                0x20000000                        __log_dynamic_data_run_end__ = (__log_dynamic_data_run_start__ + SIZEOF (.log_dynamic_data))
                0x00000000                        __log_dynamic_data_run_size__ = (__log_dynamic_data_run_end__ - __log_dynamic_data_run_start__)
                0x20000000                        __stop_log_dynamic_data = __log_dynamic_data_run_end__
                0x20000000                        __log_dynamic_data_run_load_end__ = __log_dynamic_data_run_end__
                0x00005708                        __log_filter_data_load_start__ = ALIGN ((__log_dynamic_data_load_start__ + SIZEOF (.log_dynamic_data)), 0x4)

.log_filter_data
                0x20000000        0x0 load address 0x00005708
                0x20000000                        __log_filter_data_start__ = .
 *(SORT_BY_NAME(.log_filter_data*))
                0x20000000                        __log_filter_data_end__ = (__log_filter_data_start__ + SIZEOF (.log_filter_data))
                0x00000000                        __log_filter_data_size__ = SIZEOF (.log_filter_data)
                0x00005708                        __log_filter_data_load_end__ = (__log_filter_data_load_start__ + SIZEOF (.log_filter_data))

.log_filter_data_run
                0x20000000        0x0
                0x20000000                        __log_filter_data_run_start__ = .
                0x20000000                        __start_log_filter_data = __log_filter_data_run_start__
                0x20000000                        __log_filter_data_run_end__ = (__log_filter_data_run_start__ + SIZEOF (.log_filter_data))
                0x00000000                        __log_filter_data_run_size__ = (__log_filter_data_run_end__ - __log_filter_data_run_start__)
                0x20000000                        __stop_log_filter_data = __log_filter_data_run_end__
                0x20000000                        __log_filter_data_run_load_end__ = __log_filter_data_run_end__
                0x20000000                        __nrf_sections_run_end_load_start__ = ALIGN (__log_filter_data_run_end__, 0x4)

.nrf_sections_run_end
                0x20000000        0x0
                0x20000000                        __nrf_sections_run_end_start__ = .
                0x20000000                        __end_nrf_sections_run = __nrf_sections_run_end_start__
 *(.nrf_sections_run_end .nrf_sections_run_end.*)
                0x20000000                        __nrf_sections_run_end_end__ = (__nrf_sections_run_end_start__ + SIZEOF (.nrf_sections_run_end))
                0x00000000                        __nrf_sections_run_end_size__ = SIZEOF (.nrf_sections_run_end)
                0x20000000                        __nrf_sections_run_end_load_end__ = __nrf_sections_run_end_end__
                0x00005708                        __dtors_load_start__ = ALIGN ((__log_filter_data_load_start__ + SIZEOF (.log_filter_data)), 0x4)

.dtors          0x00005708        0x0
                0x00005708                        __dtors_start__ = .
 *(SORT_BY_NAME(.dtors.*))
 *(.dtors)
 *(.fini_array)
 *(SORT_BY_NAME(.fini_array.*))
                0x00005708                        __dtors_end__ = (__dtors_start__ + SIZEOF (.dtors))
                0x00000000                        __dtors_size__ = SIZEOF (.dtors)
                0x00005708                        __dtors_load_end__ = __dtors_end__
                0x00005708                        __ctors_load_start__ = ALIGN (__dtors_end__, 0x4)

.ctors          0x00005708        0x0
                0x00005708                        __ctors_start__ = .
 *(SORT_BY_NAME(.ctors.*))
 *(.ctors)
 *(.init_array)
 *(SORT_BY_NAME(.init_array.*))
                0x00005708                        __ctors_end__ = (__ctors_start__ + SIZEOF (.ctors))
                0x00000000                        __ctors_size__ = SIZEOF (.ctors)
                0x00005708                        __ctors_load_end__ = __ctors_end__
                0x00005708                        __rodata_load_start__ = ALIGN (__ctors_end__, 0x4)

.rodata         0x00005708      0xe94
                0x00005708                        __rodata_start__ = .
 *(.rodata .rodata.* .gnu.linkonce.r.* .data.rel.ro .data.rel.ro.*)
 .rodata.uart   0x00005708       0x14 Output/Debug/Obj/twi_scanner_pca10056/main.o
 .rodata        0x0000571c       0x94 Output/Debug/Obj/twi_scanner_pca10056/main.o
 .rodata        0x000057b0       0x4b Output/Debug/Obj/twi_scanner_pca10056/nrf_drv_uart.o
 *fill*         0x000057fb        0x1 
 .rodata        0x000057fc       0x50 Output/Debug/Obj/twi_scanner_pca10056/nrfx_prs.o
 .rodata        0x0000584c       0xb1 Output/Debug/Obj/twi_scanner_pca10056/nrfx_twim.o
 *fill*         0x000058fd        0x3 
 .rodata        0x00005900       0xb1 Output/Debug/Obj/twi_scanner_pca10056/nrfx_uart.o
 *fill*         0x000059b1        0x3 
 .rodata.irq_handlers.0
                0x000059b4        0x4 Output/Debug/Obj/twi_scanner_pca10056/nrfx_uart.o
 .rodata        0x000059b8       0xb2 Output/Debug/Obj/twi_scanner_pca10056/nrfx_uarte.o
 *fill*         0x00005a6a        0x2 
 .rodata.irq_handlers.0
                0x00005a6c        0x4 Output/Debug/Obj/twi_scanner_pca10056/nrfx_uarte.o
 .rodata        0x00005a70       0x70 Output/Debug/Obj/twi_scanner_pca10056/app_error_weak.o
 .rodata        0x00005ae0       0x52 Output/Debug/Obj/twi_scanner_pca10056/app_util_platform.o
 *fill*         0x00005b32        0x2 
 .rodata        0x00005b34       0x4d Output/Debug/Obj/twi_scanner_pca10056/nrf_balloc.o
 *fill*         0x00005b81        0x3 
 .rodata        0x00005b84       0x43 Output/Debug/Obj/twi_scanner_pca10056/nrf_fprintf.o
 *fill*         0x00005bc7        0x1 
 .rodata        0x00005bc8       0x4a Output/Debug/Obj/twi_scanner_pca10056/nrf_fprintf_format.o
 *fill*         0x00005c12        0x2 
 .rodata._aV2C.0
                0x00005c14       0x10 Output/Debug/Obj/twi_scanner_pca10056/nrf_fprintf_format.o
 .rodata        0x00005c24       0x4d Output/Debug/Obj/twi_scanner_pca10056/nrf_memobj.o
 *fill*         0x00005c71        0x3 
 .rodata.m_unknown_str
                0x00005c74       0x13 Output/Debug/Obj/twi_scanner_pca10056/nrf_strerror.o
 *fill*         0x00005c87        0x1 
 .rodata        0x00005c88      0x3bd Output/Debug/Obj/twi_scanner_pca10056/nrf_strerror.o
 *fill*         0x00006045        0x3 
 .rodata.nrf_strerror_array
                0x00006048      0x118 Output/Debug/Obj/twi_scanner_pca10056/nrf_strerror.o
 .rodata        0x00006160       0x78 Output/Debug/Obj/twi_scanner_pca10056/nrf_log_backend_uart.o
 .rodata.nrf_log_backend_uart_api
                0x000061d8        0xc Output/Debug/Obj/twi_scanner_pca10056/nrf_log_backend_uart.o
                0x000061d8                nrf_log_backend_uart_api
 .rodata        0x000061e4       0x70 Output/Debug/Obj/twi_scanner_pca10056/nrf_log_default_backends.o
 .rodata.m_log_push_ringbuf
                0x00006254        0xc Output/Debug/Obj/twi_scanner_pca10056/nrf_log_frontend.o
 .rodata        0x00006260       0x69 Output/Debug/Obj/twi_scanner_pca10056/nrf_log_frontend.o
 *fill*         0x000062c9        0x3 
 .rodata        0x000062cc       0xaa Output/Debug/Obj/twi_scanner_pca10056/nrf_log_str_formatter.o
 *fill*         0x00006376        0x2 
 .rodata.libc.__SEGGER_RTL_c_locale
                0x00006378        0xc C:/Program Files/SEGGER/SEGGER Embedded Studio 8.22a/lib/mbops_timeops_v7em_fpv4_sp_d16_hard_t_le_eabi_balanced.a(mbops.o)
                0x00006378                __SEGGER_RTL_c_locale
 .rodata.libc.__SEGGER_RTL_c_locale_day_names
                0x00006384       0x3a C:/Program Files/SEGGER/SEGGER Embedded Studio 8.22a/lib/mbops_timeops_v7em_fpv4_sp_d16_hard_t_le_eabi_balanced.a(mbops.o)
                0x00006384                __SEGGER_RTL_c_locale_day_names
 .rodata.libc.__SEGGER_RTL_c_locale_month_names
                0x000063be       0x57 C:/Program Files/SEGGER/SEGGER Embedded Studio 8.22a/lib/mbops_timeops_v7em_fpv4_sp_d16_hard_t_le_eabi_balanced.a(mbops.o)
                0x000063be                __SEGGER_RTL_c_locale_month_names
 .rodata.libc.__SEGGER_RTL_c_locale_am_pm_indicator
                0x00006415        0x7 C:/Program Files/SEGGER/SEGGER Embedded Studio 8.22a/lib/mbops_timeops_v7em_fpv4_sp_d16_hard_t_le_eabi_balanced.a(mbops.o)
                0x00006415                __SEGGER_RTL_c_locale_am_pm_indicator
 .rodata.libc.__SEGGER_RTL_c_locale_date_format
                0x0000641c        0x9 C:/Program Files/SEGGER/SEGGER Embedded Studio 8.22a/lib/mbops_timeops_v7em_fpv4_sp_d16_hard_t_le_eabi_balanced.a(mbops.o)
                0x0000641c                __SEGGER_RTL_c_locale_date_format
 .rodata.libc.__SEGGER_RTL_c_locale_time_format
                0x00006425        0x9 C:/Program Files/SEGGER/SEGGER Embedded Studio 8.22a/lib/mbops_timeops_v7em_fpv4_sp_d16_hard_t_le_eabi_balanced.a(mbops.o)
                0x00006425                __SEGGER_RTL_c_locale_time_format
 .rodata.libc.__SEGGER_RTL_c_locale_date_time_format
                0x0000642e        0xf C:/Program Files/SEGGER/SEGGER Embedded Studio 8.22a/lib/mbops_timeops_v7em_fpv4_sp_d16_hard_t_le_eabi_balanced.a(mbops.o)
                0x0000642e                __SEGGER_RTL_c_locale_date_time_format
 .rodata.libc..L.str
                0x0000643d        0x2 C:/Program Files/SEGGER/SEGGER Embedded Studio 8.22a/lib/mbops_timeops_v7em_fpv4_sp_d16_hard_t_le_eabi_balanced.a(mbops.o)
 *fill*         0x0000643f        0x1 
 .rodata.libc.__SEGGER_RTL_codeset_ascii
                0x00006440       0x20 C:/Program Files/SEGGER/SEGGER Embedded Studio 8.22a/lib/mbops_timeops_v7em_fpv4_sp_d16_hard_t_le_eabi_balanced.a(mbops.o)
                0x00006440                __SEGGER_RTL_codeset_ascii
 .rodata.libc.__SEGGER_RTL_c_locale_abbrev_day_names
                0x00006460       0x1d C:/Program Files/SEGGER/SEGGER Embedded Studio 8.22a/lib/mbops_timeops_v7em_fpv4_sp_d16_hard_t_le_eabi_balanced.a(mbops.o)
                0x00006460                __SEGGER_RTL_c_locale_abbrev_day_names
 .rodata.libc.__SEGGER_RTL_c_locale_abbrev_month_names
                0x0000647d       0x31 C:/Program Files/SEGGER/SEGGER Embedded Studio 8.22a/lib/mbops_timeops_v7em_fpv4_sp_d16_hard_t_le_eabi_balanced.a(mbops.o)
                0x0000647d                __SEGGER_RTL_c_locale_abbrev_month_names
 .rodata.libc.__SEGGER_RTL_data_utf8_period
                0x000064ae        0x2 C:/Program Files/SEGGER/SEGGER Embedded Studio 8.22a/lib/mbops_timeops_v7em_fpv4_sp_d16_hard_t_le_eabi_balanced.a(mbops.o)
                0x000064ae                __SEGGER_RTL_data_utf8_period
 .rodata.libc.__SEGGER_RTL_data_empty_string
                0x000064b0        0x1 C:/Program Files/SEGGER/SEGGER Embedded Studio 8.22a/lib/mbops_timeops_v7em_fpv4_sp_d16_hard_t_le_eabi_balanced.a(mbops.o)
                0x000064b0                __SEGGER_RTL_data_empty_string
 *fill*         0x000064b1        0x3 
 .rodata.libc.__SEGGER_RTL_c_locale_data
                0x000064b4       0x58 C:/Program Files/SEGGER/SEGGER Embedded Studio 8.22a/lib/mbops_timeops_v7em_fpv4_sp_d16_hard_t_le_eabi_balanced.a(mbops.o)
                0x000064b4                __SEGGER_RTL_c_locale_data
 .rodata.libc.__SEGGER_RTL_ascii_ctype_map
                0x0000650c       0x80 C:/Program Files/SEGGER/SEGGER Embedded Studio 8.22a/lib/mbops_timeops_v7em_fpv4_sp_d16_hard_t_le_eabi_balanced.a(mbops.o)
 .rodata.libc.__SEGGER_RTL_ascii_ctype_mask
                0x0000658c        0xd C:/Program Files/SEGGER/SEGGER Embedded Studio 8.22a/lib/mbops_timeops_v7em_fpv4_sp_d16_hard_t_le_eabi_balanced.a(mbops.o)
                0x0000659c                        . = ALIGN (MAX ((__rodata_start__ + 0x4), .), 0x4)
 *fill*         0x00006599        0x3 
                0x0000659c                        __rodata_end__ = (__rodata_start__ + SIZEOF (.rodata))
                0x00000e94                        __rodata_size__ = SIZEOF (.rodata)
                0x0000659c                        __rodata_load_end__ = __rodata_end__
                0x0000659c                        __ARM.exidx_load_start__ = ALIGN (__rodata_end__, 0x4)

.rel.dyn        0x0000659c        0x0
 .rel.iplt      0x0000659c        0x0 Output/Debug/Obj/twi_scanner_pca10056/main.o

.ARM.exidx      0x0000659c        0x0
                0x0000659c                        __ARM.exidx_start__ = .
                0x0000659c                        __exidx_start = __ARM.exidx_start__
 *(.ARM.exidx .ARM.exidx.*)
                0x0000659c                        __ARM.exidx_end__ = (__ARM.exidx_start__ + SIZEOF (.ARM.exidx))
                0x00000000                        __ARM.exidx_size__ = SIZEOF (.ARM.exidx)
                0x0000659c                        __exidx_end = __ARM.exidx_end__
                0x0000659c                        __ARM.exidx_load_end__ = __ARM.exidx_end__
                0x0000659c                        __fast_load_start__ = ALIGN (__ARM.exidx_end__, 0x4)

.fast           0x20000000        0x0 load address 0x0000659c
                0x20000000                        __fast_start__ = .
 *(.fast .fast.*)
                0x20000000                        __fast_end__ = (__fast_start__ + SIZEOF (.fast))
                0x00000000                        __fast_size__ = SIZEOF (.fast)
                0x0000659c                        __fast_load_end__ = (__fast_load_start__ + SIZEOF (.fast))

.fast_run       0x20000000        0x0
                0x20000000                        __fast_run_start__ = .
                0x20000000                        __fast_run_end__ = (__fast_run_start__ + SIZEOF (.fast))
                0x00000000                        __fast_run_size__ = (__fast_run_end__ - __fast_run_start__)
                0x20000000                        __fast_run_load_end__ = __fast_run_end__
                0x0000659c                        __data_load_start__ = ALIGN ((__fast_load_start__ + SIZEOF (.fast)), 0x4)

.data           0x20000000       0x70 load address 0x0000659c
                0x20000000                        __data_start__ = .
 *(.data .data.* .gnu.linkonce.d.*)
 .data.SystemCoreClock
                0x20000000        0x4 Output/Debug/Obj/twi_scanner_pca10056/system_nrf52840.o
                0x20000000                SystemCoreClock
 .data.m_uart   0x20000004       0x14 Output/Debug/Obj/twi_scanner_pca10056/nrf_log_backend_uart.o
                0x20000004                m_uart
 .data.log_backend_cb_uart_log_backend
                0x20000018        0x8 Output/Debug/Obj/twi_scanner_pca10056/nrf_log_default_backends.o
 .data.m_buffer_mask
                0x20000020        0x4 Output/Debug/Obj/twi_scanner_pca10056/nrf_log_frontend.o
 .data.severity_names
                0x20000024       0x14 Output/Debug/Obj/twi_scanner_pca10056/nrf_log_str_formatter.o
 .data.m_colors
                0x20000038       0x24 Output/Debug/Obj/twi_scanner_pca10056/nrf_log_str_formatter.o
 .data.libc.__SEGGER_RTL_global_locale
                0x2000005c       0x14 C:/Program Files/SEGGER/SEGGER Embedded Studio 8.22a/lib/mbops_timeops_v7em_fpv4_sp_d16_hard_t_le_eabi_balanced.a(mbops.o)
                0x2000005c                __SEGGER_RTL_global_locale
                0x2000005c                __RAL_global_locale
                0x20000070                        __data_end__ = (__data_start__ + SIZEOF (.data))
                0x00000070                        __data_size__ = SIZEOF (.data)
                0x0000660c                        __data_load_end__ = (__data_load_start__ + SIZEOF (.data))

.igot.plt       0x00000000        0x0
 .igot.plt      0x00000000        0x0 Output/Debug/Obj/twi_scanner_pca10056/main.o

.data_run       0x20000000        0x0
                0x20000000                        __data_run_start__ = .
                0x20000070                        __data_run_end__ = (__data_run_start__ + SIZEOF (.data))
                0x00000070                        __data_run_size__ = (__data_run_end__ - __data_run_start__)
                0x20000070                        __data_run_load_end__ = __data_run_end__
                0x0000660c                        __tdata_load_start__ = ALIGN ((__data_load_start__ + SIZEOF (.data)), 0x4)

.tdata          0x20000070        0x0 load address 0x0000660c
                0x20000070                        __tdata_start__ = .
 *(.tdata .tdata.*)
                0x20000070                        __tdata_end__ = (__tdata_start__ + SIZEOF (.tdata))
                0x00000000                        __tdata_size__ = SIZEOF (.tdata)
                0x0000660c                        __tdata_load_end__ = (__tdata_load_start__ + SIZEOF (.tdata))
                0x0000660c                        __FLASH1_segment_used_end__ = (ALIGN ((__data_load_start__ + SIZEOF (.data)), 0x4) + SIZEOF (.tdata))
                0x0000660c                        __FLASH1_segment_used_size__ = (__FLASH1_segment_used_end__ - __FLASH1_segment_start__)

.tdata_run      0x20000070        0x0
                0x20000070                        __tdata_run_start__ = .
                0x20000070                        __tdata_run_end__ = (__tdata_run_start__ + SIZEOF (.tdata))
                0x00000000                        __tdata_run_size__ = (__tdata_run_end__ - __tdata_run_start__)
                0x20000070                        __tdata_run_load_end__ = __tdata_run_end__
                0x20000070                        __bss_load_start__ = ALIGN (__tdata_run_end__, 0x4)

.bss            0x20000070      0x6d0
                0x20000070                        __bss_start__ = .
 *(.bss .bss.* .gnu.linkonce.b.*)
 .bss.rx_byte   0x20000070        0x1 Output/Debug/Obj/twi_scanner_pca10056/main.o
 *fill*         0x20000071        0x3 
 .bss.m_handlers
                0x20000074        0x8 Output/Debug/Obj/twi_scanner_pca10056/nrf_drv_uart.o
 .bss.m_contexts
                0x2000007c        0x8 Output/Debug/Obj/twi_scanner_pca10056/nrf_drv_uart.o
 .bss.nrf_drv_uart_use_easy_dma
                0x20000084        0x2 Output/Debug/Obj/twi_scanner_pca10056/nrf_drv_uart.o
                0x20000084                nrf_drv_uart_use_easy_dma
 *fill*         0x20000086        0x2 
 .bss.m_prs_box_4
                0x20000088        0x8 Output/Debug/Obj/twi_scanner_pca10056/nrfx_prs.o
 .bss.m_cb      0x20000090       0x68 Output/Debug/Obj/twi_scanner_pca10056/nrfx_twim.o
 .bss.m_cb      0x200000f8       0x2c Output/Debug/Obj/twi_scanner_pca10056/nrfx_uart.o
 .bss.m_cb      0x20000124       0x24 Output/Debug/Obj/twi_scanner_pca10056/nrfx_uarte.o
 .bss.m_error_data.0
                0x20000148       0x20 Output/Debug/Obj/twi_scanner_pca10056/app_error.o
 .bss.m_in_critical_region
                0x20000168        0x4 Output/Debug/Obj/twi_scanner_pca10056/app_util_platform.o
 .bss.m_string_buff
                0x2000016c       0x40 Output/Debug/Obj/twi_scanner_pca10056/nrf_log_backend_uart.o
 .bss.m_xfer_done
                0x200001ac        0x1 Output/Debug/Obj/twi_scanner_pca10056/nrf_log_backend_uart.o
 .bss.m_async_mode
                0x200001ad        0x1 Output/Debug/Obj/twi_scanner_pca10056/nrf_log_backend_uart.o
 *fill*         0x200001ae        0x2 
 .bss.log_mempool_nrf_balloc_pool_stack
                0x200001b0        0x8 Output/Debug/Obj/twi_scanner_pca10056/nrf_log_frontend.o
 .bss.log_mempool_nrf_balloc_pool_mem
                0x200001b8       0xc0 Output/Debug/Obj/twi_scanner_pca10056/nrf_log_frontend.o
 .bss.log_mempool_nrf_balloc_cb
                0x20000278        0x8 Output/Debug/Obj/twi_scanner_pca10056/nrf_log_frontend.o
 .bss.m_log_push_ringbuf_buf
                0x20000280       0x80 Output/Debug/Obj/twi_scanner_pca10056/nrf_log_frontend.o
 .bss.m_log_push_ringbuf_cb
                0x20000300       0x18 Output/Debug/Obj/twi_scanner_pca10056/nrf_log_frontend.o
 .bss.m_log_data
                0x20000318      0x420 Output/Debug/Obj/twi_scanner_pca10056/nrf_log_frontend.o
 .bss.libc.__SEGGER_RTL_heap_globals.0
                0x20000738        0x4 C:/Program Files/SEGGER/SEGGER Embedded Studio 8.22a/lib/heapops_basic_v7em_fpv4_sp_d16_hard_t_le_eabi_balanced.a(heapops_basic.o)
 .bss.libc.__SEGGER_RTL_locale_ptr
                0x2000073c        0x4 C:/Program Files/SEGGER/SEGGER Embedded Studio 8.22a/lib/mbops_timeops_v7em_fpv4_sp_d16_hard_t_le_eabi_balanced.a(mbops.o)
                0x2000073c                __SEGGER_RTL_locale_ptr
 *(COMMON)
                0x20000740                        __bss_end__ = (__bss_start__ + SIZEOF (.bss))
                0x000006d0                        __bss_size__ = SIZEOF (.bss)
                0x20000740                        __bss_load_end__ = __bss_end__
                0x20000740                        __tbss_load_start__ = ALIGN (__bss_end__, 0x4)

.tbss           0x20000740        0x0
                0x20000740                        __tbss_start__ = .
 *(.tbss .tbss.*)
                0x20000740                        __tbss_end__ = (__tbss_start__ + SIZEOF (.tbss))
                0x00000000                        __tbss_size__ = SIZEOF (.tbss)
                0x20000740                        __tbss_load_end__ = __tbss_end__
                0x20000740                        __non_init_load_start__ = ALIGN (__tbss_end__, 0x4)

.non_init       0x20000740        0x0
                0x20000740                        __non_init_start__ = .
 *(.non_init .non_init.*)
                0x20000740                        __non_init_end__ = (__non_init_start__ + SIZEOF (.non_init))
                0x00000000                        __non_init_size__ = SIZEOF (.non_init)
                0x20000740                        __non_init_load_end__ = __non_init_end__
                0x20000740                        __heap_load_start__ = ALIGN (__non_init_end__, 0x4)

.heap           0x20000740     0x2000
                0x20000740                        __heap_start__ = .
 *(.heap .heap.*)
                0x20002740                        . = ALIGN (MAX ((__heap_start__ + __HEAPSIZE__), .), 0x4)
 *fill*         0x20000740     0x2000 
                0x20002740                        __heap_end__ = (__heap_start__ + SIZEOF (.heap))
                0x00002000                        __heap_size__ = SIZEOF (.heap)
                0x20002740                        __heap_load_end__ = __heap_end__
                0x2003e000                        __stack_load_start__ = (__RAM1_segment_start__ + (__RAM1_segment_size__ - 0x2000))

.stack          0x2003e000     0x2000
                0x2003e000                        __stack_start__ = .
                0x2003e000                        __StackLimit = __stack_start__
 *(.stack .stack.*)
                0x20040000                        . = ALIGN (MAX ((__stack_start__ + __STACKSIZE__), .), 0x8)
 *fill*         0x2003e000     0x2000 
                0x20040000                        __stack_end__ = (__stack_start__ + SIZEOF (.stack))
                0x00002000                        __stack_size__ = SIZEOF (.stack)
                0x20040000                        __StackTop = __stack_end__
                0x20040000                        __stack_load_end__ = __stack_end__
                0x20040000                        __stack_process_load_start__ = ALIGN (__stack_end__, 0x8)

.stack_process  0x20040000        0x0
                0x20040000                        __stack_process_start__ = .
 *(.stack_process .stack_process.*)
                0x20040000                        . = ALIGN (MAX ((__stack_process_start__ + __STACKSIZE_PROCESS__), .), 0x8)
                0x20040000                        __stack_process_end__ = (__stack_process_start__ + SIZEOF (.stack_process))
                0x00000000                        __stack_process_size__ = SIZEOF (.stack_process)
                0x20040000                        __stack_process_load_end__ = __stack_process_end__
                0x20040000                        __RAM1_segment_used_end__ = (ALIGN (__stack_end__, 0x8) + SIZEOF (.stack_process))
                0x00040000                        __RAM1_segment_used_size__ = (__RAM1_segment_used_end__ - __RAM1_segment_start__)
                0x00002000                        __STACKSIZE__ = 0x2000
                0x00000000                        __STACKSIZE_PROCESS__ = 0x0
                0x00002000                        __HEAPSIZE__ = 0x2000
                0x00000000                        __SEGGER_RTL_vfprintf = __SEGGER_RTL_vfprintf_long
                0x00000000                        __SEGGER_RTL_vfscanf = __SEGGER_RTL_vfscanf_long
START GROUP
LOAD Output/Debug/Obj/twi_scanner_pca10056/main.o
LOAD Output/Debug/Obj/twi_scanner_pca10056/boards.o
LOAD Output/Debug/Obj/twi_scanner_pca10056/ses_startup_nrf52840.o
LOAD Output/Debug/Obj/twi_scanner_pca10056/ses_startup_nrf_common.o
LOAD Output/Debug/Obj/twi_scanner_pca10056/system_nrf52840.o
LOAD Output/Debug/Obj/twi_scanner_pca10056/nrf_drv_twi.o
LOAD Output/Debug/Obj/twi_scanner_pca10056/nrf_drv_uart.o
LOAD Output/Debug/Obj/twi_scanner_pca10056/nrfx_atomic.o
LOAD Output/Debug/Obj/twi_scanner_pca10056/nrfx_prs.o
LOAD Output/Debug/Obj/twi_scanner_pca10056/nrfx_twi.o
LOAD Output/Debug/Obj/twi_scanner_pca10056/nrfx_twim.o
LOAD Output/Debug/Obj/twi_scanner_pca10056/nrfx_uart.o
LOAD Output/Debug/Obj/twi_scanner_pca10056/nrfx_uarte.o
LOAD Output/Debug/Obj/twi_scanner_pca10056/app_error.o
LOAD Output/Debug/Obj/twi_scanner_pca10056/app_error_handler_gcc.o
LOAD Output/Debug/Obj/twi_scanner_pca10056/app_error_weak.o
LOAD Output/Debug/Obj/twi_scanner_pca10056/app_util_platform.o
LOAD Output/Debug/Obj/twi_scanner_pca10056/nrf_assert.o
LOAD Output/Debug/Obj/twi_scanner_pca10056/nrf_atomic.o
LOAD Output/Debug/Obj/twi_scanner_pca10056/nrf_balloc.o
LOAD Output/Debug/Obj/twi_scanner_pca10056/nrf_fprintf.o
LOAD Output/Debug/Obj/twi_scanner_pca10056/nrf_fprintf_format.o
LOAD Output/Debug/Obj/twi_scanner_pca10056/nrf_memobj.o
LOAD Output/Debug/Obj/twi_scanner_pca10056/nrf_ringbuf.o
LOAD Output/Debug/Obj/twi_scanner_pca10056/nrf_strerror.o
LOAD Output/Debug/Obj/twi_scanner_pca10056/nrf_log_backend_rtt.o
LOAD Output/Debug/Obj/twi_scanner_pca10056/nrf_log_backend_serial.o
LOAD Output/Debug/Obj/twi_scanner_pca10056/nrf_log_backend_uart.o
LOAD Output/Debug/Obj/twi_scanner_pca10056/nrf_log_default_backends.o
LOAD Output/Debug/Obj/twi_scanner_pca10056/nrf_log_frontend.o
LOAD Output/Debug/Obj/twi_scanner_pca10056/nrf_log_str_formatter.o
LOAD Output/Debug/Obj/twi_scanner_pca10056/SEGGER_RTT.o
LOAD Output/Debug/Obj/twi_scanner_pca10056/SEGGER_RTT_printf.o
LOAD Output/Debug/Obj/twi_scanner_pca10056/SEGGER_RTT_Syscalls_SES.o
LOAD Output/Debug/Obj/twi_scanner_pca10056/thumb_crt0.o
LOAD C:/Program Files/SEGGER/SEGGER Embedded Studio 8.22a/lib/libc_v7em_fpv4_sp_d16_hard_t_le_eabi_balanced.a
LOAD C:/Program Files/SEGGER/SEGGER Embedded Studio 8.22a/lib/heapops_basic_v7em_fpv4_sp_d16_hard_t_le_eabi_balanced.a
LOAD C:/Program Files/SEGGER/SEGGER Embedded Studio 8.22a/lib/heapops_disable_interrupts_locking_v7em_fpv4_sp_d16_hard_t_le_eabi_balanced.a
LOAD C:/Program Files/SEGGER/SEGGER Embedded Studio 8.22a/lib/strops_unaligned_v7em_fpv4_sp_d16_hard_t_le_eabi_balanced.a
LOAD C:/Program Files/SEGGER/SEGGER Embedded Studio 8.22a/lib/mbops_timeops_v7em_fpv4_sp_d16_hard_t_le_eabi_balanced.a
END GROUP
OUTPUT(C:/nrf52sdk/nRF5_SDK_17.1.0_ddde560/examples/MY PROJECTS/twi_scanner/pca10056/blank/ses/Output/Debug/Exe/twi_scanner_pca10056.elf elf32-littlearm)
LOAD linker stubs

.debug_info     0x00000000    0x13816
 .debug_info    0x00000000      0xf7b Output/Debug/Obj/twi_scanner_pca10056/main.o
 .debug_info    0x00000f7b       0x23 Output/Debug/Obj/twi_scanner_pca10056/ses_startup_nrf52840.o
 .debug_info    0x00000f9e       0x23 Output/Debug/Obj/twi_scanner_pca10056/ses_startup_nrf_common.o
 .debug_info    0x00000fc1     0x45ef Output/Debug/Obj/twi_scanner_pca10056/system_nrf52840.o
 .debug_info    0x000055b0     0x11ee Output/Debug/Obj/twi_scanner_pca10056/nrf_drv_uart.o
 .debug_info    0x0000679e      0x796 Output/Debug/Obj/twi_scanner_pca10056/nrfx_prs.o
 .debug_info    0x00006f34     0x1ef9 Output/Debug/Obj/twi_scanner_pca10056/nrfx_twim.o
 .debug_info    0x00008e2d     0x1ed8 Output/Debug/Obj/twi_scanner_pca10056/nrfx_uart.o
 .debug_info    0x0000ad05     0x1ff9 Output/Debug/Obj/twi_scanner_pca10056/nrfx_uarte.o
 .debug_info    0x0000ccfe      0x289 Output/Debug/Obj/twi_scanner_pca10056/app_error.o
 .debug_info    0x0000cf87      0x108 Output/Debug/Obj/twi_scanner_pca10056/app_error_handler_gcc.o
 .debug_info    0x0000d08f      0x3b1 Output/Debug/Obj/twi_scanner_pca10056/app_error_weak.o
 .debug_info    0x0000d440      0x773 Output/Debug/Obj/twi_scanner_pca10056/app_util_platform.o
 .debug_info    0x0000dbb3      0x135 Output/Debug/Obj/twi_scanner_pca10056/nrf_assert.o
 .debug_info    0x0000dce8      0x880 Output/Debug/Obj/twi_scanner_pca10056/nrf_atomic.o
 .debug_info    0x0000e568      0x322 Output/Debug/Obj/twi_scanner_pca10056/nrf_balloc.o
 .debug_info    0x0000e88a      0x23c Output/Debug/Obj/twi_scanner_pca10056/nrf_fprintf.o
 .debug_info    0x0000eac6      0x4ca Output/Debug/Obj/twi_scanner_pca10056/nrf_fprintf_format.o
 .debug_info    0x0000ef90      0x76a Output/Debug/Obj/twi_scanner_pca10056/nrf_memobj.o
 .debug_info    0x0000f6fa      0x518 Output/Debug/Obj/twi_scanner_pca10056/nrf_ringbuf.o
 .debug_info    0x0000fc12      0x1d0 Output/Debug/Obj/twi_scanner_pca10056/nrf_strerror.o
 .debug_info    0x0000fde2      0x6ed Output/Debug/Obj/twi_scanner_pca10056/nrf_log_backend_serial.o
 .debug_info    0x000104cf     0x10d1 Output/Debug/Obj/twi_scanner_pca10056/nrf_log_backend_uart.o
 .debug_info    0x000115a0      0x2dd Output/Debug/Obj/twi_scanner_pca10056/nrf_log_default_backends.o
 .debug_info    0x0001187d     0x1a64 Output/Debug/Obj/twi_scanner_pca10056/nrf_log_frontend.o
 .debug_info    0x000132e1      0x513 Output/Debug/Obj/twi_scanner_pca10056/nrf_log_str_formatter.o
 .debug_info    0x000137f4       0x22 Output/Debug/Obj/twi_scanner_pca10056/thumb_crt0.o

.debug_abbrev   0x00000000     0x3272
 .debug_abbrev  0x00000000      0x2cd Output/Debug/Obj/twi_scanner_pca10056/main.o
 .debug_abbrev  0x000002cd       0x14 Output/Debug/Obj/twi_scanner_pca10056/ses_startup_nrf52840.o
 .debug_abbrev  0x000002e1       0x14 Output/Debug/Obj/twi_scanner_pca10056/ses_startup_nrf_common.o
 .debug_abbrev  0x000002f5      0x252 Output/Debug/Obj/twi_scanner_pca10056/system_nrf52840.o
 .debug_abbrev  0x00000547      0x21a Output/Debug/Obj/twi_scanner_pca10056/nrf_drv_uart.o
 .debug_abbrev  0x00000761      0x205 Output/Debug/Obj/twi_scanner_pca10056/nrfx_prs.o
 .debug_abbrev  0x00000966      0x3b6 Output/Debug/Obj/twi_scanner_pca10056/nrfx_twim.o
 .debug_abbrev  0x00000d1c      0x3ce Output/Debug/Obj/twi_scanner_pca10056/nrfx_uart.o
 .debug_abbrev  0x000010ea      0x396 Output/Debug/Obj/twi_scanner_pca10056/nrfx_uarte.o
 .debug_abbrev  0x00001480      0x13f Output/Debug/Obj/twi_scanner_pca10056/app_error.o
 .debug_abbrev  0x000015bf       0xa5 Output/Debug/Obj/twi_scanner_pca10056/app_error_handler_gcc.o
 .debug_abbrev  0x00001664      0x1d3 Output/Debug/Obj/twi_scanner_pca10056/app_error_weak.o
 .debug_abbrev  0x00001837      0x275 Output/Debug/Obj/twi_scanner_pca10056/app_util_platform.o
 .debug_abbrev  0x00001aac       0xd6 Output/Debug/Obj/twi_scanner_pca10056/nrf_assert.o
 .debug_abbrev  0x00001b82      0x130 Output/Debug/Obj/twi_scanner_pca10056/nrf_atomic.o
 .debug_abbrev  0x00001cb2      0x1ae Output/Debug/Obj/twi_scanner_pca10056/nrf_balloc.o
 .debug_abbrev  0x00001e60      0x12a Output/Debug/Obj/twi_scanner_pca10056/nrf_fprintf.o
 .debug_abbrev  0x00001f8a      0x1fa Output/Debug/Obj/twi_scanner_pca10056/nrf_fprintf_format.o
 .debug_abbrev  0x00002184      0x1ee Output/Debug/Obj/twi_scanner_pca10056/nrf_memobj.o
 .debug_abbrev  0x00002372      0x13e Output/Debug/Obj/twi_scanner_pca10056/nrf_ringbuf.o
 .debug_abbrev  0x000024b0       0xf5 Output/Debug/Obj/twi_scanner_pca10056/nrf_strerror.o
 .debug_abbrev  0x000025a5      0x1d3 Output/Debug/Obj/twi_scanner_pca10056/nrf_log_backend_serial.o
 .debug_abbrev  0x00002778      0x2d9 Output/Debug/Obj/twi_scanner_pca10056/nrf_log_backend_uart.o
 .debug_abbrev  0x00002a51      0x17b Output/Debug/Obj/twi_scanner_pca10056/nrf_log_default_backends.o
 .debug_abbrev  0x00002bcc      0x4c8 Output/Debug/Obj/twi_scanner_pca10056/nrf_log_frontend.o
 .debug_abbrev  0x00003094      0x1cc Output/Debug/Obj/twi_scanner_pca10056/nrf_log_str_formatter.o
 .debug_abbrev  0x00003260       0x12 Output/Debug/Obj/twi_scanner_pca10056/thumb_crt0.o

.debug_pubnames
                0x00000000     0x670a
 .debug_pubnames
                0x00000000      0x515 Output/Debug/Obj/twi_scanner_pca10056/main.o
 .debug_pubnames
                0x00000515     0x1ed5 Output/Debug/Obj/twi_scanner_pca10056/system_nrf52840.o
 .debug_pubnames
                0x000023ea      0x10a Output/Debug/Obj/twi_scanner_pca10056/nrf_drv_uart.o
 .debug_pubnames
                0x000024f4      0x19c Output/Debug/Obj/twi_scanner_pca10056/nrfx_prs.o
 .debug_pubnames
                0x00002690      0xd6b Output/Debug/Obj/twi_scanner_pca10056/nrfx_twim.o
 .debug_pubnames
                0x000033fb      0xb29 Output/Debug/Obj/twi_scanner_pca10056/nrfx_uart.o
 .debug_pubnames
                0x00003f24      0xcda Output/Debug/Obj/twi_scanner_pca10056/nrfx_uarte.o
 .debug_pubnames
                0x00004bfe       0x88 Output/Debug/Obj/twi_scanner_pca10056/app_error.o
 .debug_pubnames
                0x00004c86       0x44 Output/Debug/Obj/twi_scanner_pca10056/app_error_handler_gcc.o
 .debug_pubnames
                0x00004cca      0x1b1 Output/Debug/Obj/twi_scanner_pca10056/app_error_weak.o
 .debug_pubnames
                0x00004e7b      0x23b Output/Debug/Obj/twi_scanner_pca10056/app_util_platform.o
 .debug_pubnames
                0x000050b6       0x46 Output/Debug/Obj/twi_scanner_pca10056/nrf_assert.o
 .debug_pubnames
                0x000050fc      0x233 Output/Debug/Obj/twi_scanner_pca10056/nrf_atomic.o
 .debug_pubnames
                0x0000532f      0x183 Output/Debug/Obj/twi_scanner_pca10056/nrf_balloc.o
 .debug_pubnames
                0x000054b2       0x6b Output/Debug/Obj/twi_scanner_pca10056/nrf_fprintf.o
 .debug_pubnames
                0x0000551d       0xa7 Output/Debug/Obj/twi_scanner_pca10056/nrf_fprintf_format.o
 .debug_pubnames
                0x000055c4      0x13f Output/Debug/Obj/twi_scanner_pca10056/nrf_memobj.o
 .debug_pubnames
                0x00005703      0x125 Output/Debug/Obj/twi_scanner_pca10056/nrf_ringbuf.o
 .debug_pubnames
                0x00005828       0x66 Output/Debug/Obj/twi_scanner_pca10056/nrf_strerror.o
 .debug_pubnames
                0x0000588e       0xab Output/Debug/Obj/twi_scanner_pca10056/nrf_log_backend_serial.o
 .debug_pubnames
                0x00005939      0x27d Output/Debug/Obj/twi_scanner_pca10056/nrf_log_backend_uart.o
 .debug_pubnames
                0x00005bb6      0x17b Output/Debug/Obj/twi_scanner_pca10056/nrf_log_default_backends.o
 .debug_pubnames
                0x00005d31      0x7ae Output/Debug/Obj/twi_scanner_pca10056/nrf_log_frontend.o
 .debug_pubnames
                0x000064df      0x22b Output/Debug/Obj/twi_scanner_pca10056/nrf_log_str_formatter.o

.debug_pubtypes
                0x00000000     0x31e3
 .debug_pubtypes
                0x00000000      0x303 Output/Debug/Obj/twi_scanner_pca10056/main.o
 .debug_pubtypes
                0x00000303      0x1fe Output/Debug/Obj/twi_scanner_pca10056/system_nrf52840.o
 .debug_pubtypes
                0x00000501      0x435 Output/Debug/Obj/twi_scanner_pca10056/nrf_drv_uart.o
 .debug_pubtypes
                0x00000936      0x1cd Output/Debug/Obj/twi_scanner_pca10056/nrfx_prs.o
 .debug_pubtypes
                0x00000b03      0x39b Output/Debug/Obj/twi_scanner_pca10056/nrfx_twim.o
 .debug_pubtypes
                0x00000e9e      0x3a3 Output/Debug/Obj/twi_scanner_pca10056/nrfx_uart.o
 .debug_pubtypes
                0x00001241      0x3d8 Output/Debug/Obj/twi_scanner_pca10056/nrfx_uarte.o
 .debug_pubtypes
                0x00001619      0x120 Output/Debug/Obj/twi_scanner_pca10056/app_error.o
 .debug_pubtypes
                0x00001739       0xfe Output/Debug/Obj/twi_scanner_pca10056/app_error_handler_gcc.o
 .debug_pubtypes
                0x00001837      0x175 Output/Debug/Obj/twi_scanner_pca10056/app_error_weak.o
 .debug_pubtypes
                0x000019ac      0x126 Output/Debug/Obj/twi_scanner_pca10056/app_util_platform.o
 .debug_pubtypes
                0x00001ad2      0x103 Output/Debug/Obj/twi_scanner_pca10056/nrf_assert.o
 .debug_pubtypes
                0x00001bd5      0x118 Output/Debug/Obj/twi_scanner_pca10056/nrf_atomic.o
 .debug_pubtypes
                0x00001ced      0x13b Output/Debug/Obj/twi_scanner_pca10056/nrf_balloc.o
 .debug_pubtypes
                0x00001e28      0x15f Output/Debug/Obj/twi_scanner_pca10056/nrf_fprintf.o
 .debug_pubtypes
                0x00001f87      0x178 Output/Debug/Obj/twi_scanner_pca10056/nrf_fprintf_format.o
 .debug_pubtypes
                0x000020ff      0x204 Output/Debug/Obj/twi_scanner_pca10056/nrf_memobj.o
 .debug_pubtypes
                0x00002303      0x15d Output/Debug/Obj/twi_scanner_pca10056/nrf_ringbuf.o
 .debug_pubtypes
                0x00002460      0x10a Output/Debug/Obj/twi_scanner_pca10056/nrf_strerror.o
 .debug_pubtypes
                0x0000256a      0x298 Output/Debug/Obj/twi_scanner_pca10056/nrf_log_backend_serial.o
 .debug_pubtypes
                0x00002802      0x34a Output/Debug/Obj/twi_scanner_pca10056/nrf_log_backend_uart.o
 .debug_pubtypes
                0x00002b4c      0x1a0 Output/Debug/Obj/twi_scanner_pca10056/nrf_log_default_backends.o
 .debug_pubtypes
                0x00002cec      0x365 Output/Debug/Obj/twi_scanner_pca10056/nrf_log_frontend.o
 .debug_pubtypes
                0x00003051      0x192 Output/Debug/Obj/twi_scanner_pca10056/nrf_log_str_formatter.o

.debug_aranges  0x00000000     0x1850
 .debug_aranges
                0x00000000       0x40 Output/Debug/Obj/twi_scanner_pca10056/main.o
 .debug_aranges
                0x00000040       0x20 Output/Debug/Obj/twi_scanner_pca10056/ses_startup_nrf52840.o
 .debug_aranges
                0x00000060       0x20 Output/Debug/Obj/twi_scanner_pca10056/ses_startup_nrf_common.o
 .debug_aranges
                0x00000080      0xc30 Output/Debug/Obj/twi_scanner_pca10056/system_nrf52840.o
 .debug_aranges
                0x00000cb0       0x30 Output/Debug/Obj/twi_scanner_pca10056/nrf_drv_uart.o
 .debug_aranges
                0x00000ce0       0x38 Output/Debug/Obj/twi_scanner_pca10056/nrfx_prs.o
 .debug_aranges
                0x00000d18      0x1d0 Output/Debug/Obj/twi_scanner_pca10056/nrfx_twim.o
 .debug_aranges
                0x00000ee8      0x1f0 Output/Debug/Obj/twi_scanner_pca10056/nrfx_uart.o
 .debug_aranges
                0x000010d8      0x1e0 Output/Debug/Obj/twi_scanner_pca10056/nrfx_uarte.o
 .debug_aranges
                0x000012b8       0x28 Output/Debug/Obj/twi_scanner_pca10056/app_error.o
 .debug_aranges
                0x000012e0       0x20 Output/Debug/Obj/twi_scanner_pca10056/app_error_handler_gcc.o
 .debug_aranges
                0x00001300       0x20 Output/Debug/Obj/twi_scanner_pca10056/app_error_weak.o
 .debug_aranges
                0x00001320       0x50 Output/Debug/Obj/twi_scanner_pca10056/app_util_platform.o
 .debug_aranges
                0x00001370       0x20 Output/Debug/Obj/twi_scanner_pca10056/nrf_assert.o
 .debug_aranges
                0x00001390       0xb8 Output/Debug/Obj/twi_scanner_pca10056/nrf_atomic.o
 .debug_aranges
                0x00001448       0x40 Output/Debug/Obj/twi_scanner_pca10056/nrf_balloc.o
 .debug_aranges
                0x00001488       0x28 Output/Debug/Obj/twi_scanner_pca10056/nrf_fprintf.o
 .debug_aranges
                0x000014b0       0x40 Output/Debug/Obj/twi_scanner_pca10056/nrf_fprintf_format.o
 .debug_aranges
                0x000014f0       0x58 Output/Debug/Obj/twi_scanner_pca10056/nrf_memobj.o
 .debug_aranges
                0x00001548       0x50 Output/Debug/Obj/twi_scanner_pca10056/nrf_ringbuf.o
 .debug_aranges
                0x00001598       0x28 Output/Debug/Obj/twi_scanner_pca10056/nrf_strerror.o
 .debug_aranges
                0x000015c0       0x20 Output/Debug/Obj/twi_scanner_pca10056/nrf_log_backend_serial.o
 .debug_aranges
                0x000015e0       0x60 Output/Debug/Obj/twi_scanner_pca10056/nrf_log_backend_uart.o
 .debug_aranges
                0x00001640       0x28 Output/Debug/Obj/twi_scanner_pca10056/nrf_log_default_backends.o
 .debug_aranges
                0x00001668      0x148 Output/Debug/Obj/twi_scanner_pca10056/nrf_log_frontend.o
 .debug_aranges
                0x000017b0       0x48 Output/Debug/Obj/twi_scanner_pca10056/nrf_log_str_formatter.o
 .debug_aranges
                0x000017f8       0x58 Output/Debug/Obj/twi_scanner_pca10056/thumb_crt0.o

.debug_ranges   0x00000000     0x1688
 .debug_ranges  0x00000000       0x30 Output/Debug/Obj/twi_scanner_pca10056/main.o
 .debug_ranges  0x00000030      0xc20 Output/Debug/Obj/twi_scanner_pca10056/system_nrf52840.o
 .debug_ranges  0x00000c50       0x20 Output/Debug/Obj/twi_scanner_pca10056/nrf_drv_uart.o
 .debug_ranges  0x00000c70       0x28 Output/Debug/Obj/twi_scanner_pca10056/nrfx_prs.o
 .debug_ranges  0x00000c98      0x1c0 Output/Debug/Obj/twi_scanner_pca10056/nrfx_twim.o
 .debug_ranges  0x00000e58      0x1e0 Output/Debug/Obj/twi_scanner_pca10056/nrfx_uart.o
 .debug_ranges  0x00001038      0x1d0 Output/Debug/Obj/twi_scanner_pca10056/nrfx_uarte.o
 .debug_ranges  0x00001208       0x18 Output/Debug/Obj/twi_scanner_pca10056/app_error.o
 .debug_ranges  0x00001220       0x10 Output/Debug/Obj/twi_scanner_pca10056/app_error_handler_gcc.o
 .debug_ranges  0x00001230       0x10 Output/Debug/Obj/twi_scanner_pca10056/app_error_weak.o
 .debug_ranges  0x00001240       0x40 Output/Debug/Obj/twi_scanner_pca10056/app_util_platform.o
 .debug_ranges  0x00001280       0x10 Output/Debug/Obj/twi_scanner_pca10056/nrf_assert.o
 .debug_ranges  0x00001290       0xa8 Output/Debug/Obj/twi_scanner_pca10056/nrf_atomic.o
 .debug_ranges  0x00001338       0x30 Output/Debug/Obj/twi_scanner_pca10056/nrf_balloc.o
 .debug_ranges  0x00001368       0x18 Output/Debug/Obj/twi_scanner_pca10056/nrf_fprintf.o
 .debug_ranges  0x00001380       0x30 Output/Debug/Obj/twi_scanner_pca10056/nrf_fprintf_format.o
 .debug_ranges  0x000013b0       0x48 Output/Debug/Obj/twi_scanner_pca10056/nrf_memobj.o
 .debug_ranges  0x000013f8       0x40 Output/Debug/Obj/twi_scanner_pca10056/nrf_ringbuf.o
 .debug_ranges  0x00001438       0x18 Output/Debug/Obj/twi_scanner_pca10056/nrf_strerror.o
 .debug_ranges  0x00001450       0x10 Output/Debug/Obj/twi_scanner_pca10056/nrf_log_backend_serial.o
 .debug_ranges  0x00001460       0x50 Output/Debug/Obj/twi_scanner_pca10056/nrf_log_backend_uart.o
 .debug_ranges  0x000014b0       0x18 Output/Debug/Obj/twi_scanner_pca10056/nrf_log_default_backends.o
 .debug_ranges  0x000014c8      0x138 Output/Debug/Obj/twi_scanner_pca10056/nrf_log_frontend.o
 .debug_ranges  0x00001600       0x38 Output/Debug/Obj/twi_scanner_pca10056/nrf_log_str_formatter.o
 .debug_ranges  0x00001638       0x50 Output/Debug/Obj/twi_scanner_pca10056/thumb_crt0.o

.debug_macro    0x00000000    0x1bb17
 .debug_macro   0x00000000      0x345 Output/Debug/Obj/twi_scanner_pca10056/main.o
 .debug_macro   0x00000345      0xb74 Output/Debug/Obj/twi_scanner_pca10056/main.o
 .debug_macro   0x00000eb9      0x91c Output/Debug/Obj/twi_scanner_pca10056/main.o
 .debug_macro   0x000017d5       0x4c Output/Debug/Obj/twi_scanner_pca10056/main.o
 .debug_macro   0x00001821      0x290 Output/Debug/Obj/twi_scanner_pca10056/main.o
 .debug_macro   0x00001ab1      0x64e Output/Debug/Obj/twi_scanner_pca10056/main.o
 .debug_macro   0x000020ff       0x16 Output/Debug/Obj/twi_scanner_pca10056/main.o
 .debug_macro   0x00002115      0x269 Output/Debug/Obj/twi_scanner_pca10056/main.o
 .debug_macro   0x0000237e       0x22 Output/Debug/Obj/twi_scanner_pca10056/main.o
 .debug_macro   0x000023a0       0x22 Output/Debug/Obj/twi_scanner_pca10056/main.o
 .debug_macro   0x000023c2       0x22 Output/Debug/Obj/twi_scanner_pca10056/main.o
 .debug_macro   0x000023e4       0x3b Output/Debug/Obj/twi_scanner_pca10056/main.o
 .debug_macro   0x0000241f       0x1c Output/Debug/Obj/twi_scanner_pca10056/main.o
 .debug_macro   0x0000243b       0x22 Output/Debug/Obj/twi_scanner_pca10056/main.o
 .debug_macro   0x0000245d       0xfb Output/Debug/Obj/twi_scanner_pca10056/main.o
 .debug_macro   0x00002558     0x1011 Output/Debug/Obj/twi_scanner_pca10056/main.o
 .debug_macro   0x00003569      0x11f Output/Debug/Obj/twi_scanner_pca10056/main.o
 .debug_macro   0x00003688      0x410 Output/Debug/Obj/twi_scanner_pca10056/main.o
 .debug_macro   0x00003a98    0x10d6b Output/Debug/Obj/twi_scanner_pca10056/main.o
 .debug_macro   0x00014803      0xa65 Output/Debug/Obj/twi_scanner_pca10056/main.o